Archive member included to satisfy reference by file (symbol)

c:/users/leonard/chipwh~1/cw/home/portable/armgcc/bin/../lib/gcc/arm-none-eabi/10.2.1/../../../../arm-none-eabi/lib/thumb/v7e-m/nofp\libm.a(lib_a-w_exp.o)
                              objdir/network.o (exp)
c:/users/leonard/chipwh~1/cw/home/portable/armgcc/bin/../lib/gcc/arm-none-eabi/10.2.1/../../../../arm-none-eabi/lib/thumb/v7e-m/nofp\libm.a(lib_a-e_exp.o)
                              c:/users/leonard/chipwh~1/cw/home/portable/armgcc/bin/../lib/gcc/arm-none-eabi/10.2.1/../../../../arm-none-eabi/lib/thumb/v7e-m/nofp\libm.a(lib_a-w_exp.o) (__ieee754_exp)
c:/users/leonard/chipwh~1/cw/home/portable/armgcc/bin/../lib/gcc/arm-none-eabi/10.2.1/../../../../arm-none-eabi/lib/thumb/v7e-m/nofp\libm.a(lib_a-s_finite.o)
                              c:/users/leonard/chipwh~1/cw/home/portable/armgcc/bin/../lib/gcc/arm-none-eabi/10.2.1/../../../../arm-none-eabi/lib/thumb/v7e-m/nofp\libm.a(lib_a-w_exp.o) (finite)
c:/users/leonard/chipwh~1/cw/home/portable/armgcc/bin/../lib/gcc/arm-none-eabi/10.2.1/../../../../arm-none-eabi/lib/thumb/v7e-m/nofp\libm.a(lib_a-s_lib_ver.o)
                              c:/users/leonard/chipwh~1/cw/home/portable/armgcc/bin/../lib/gcc/arm-none-eabi/10.2.1/../../../../arm-none-eabi/lib/thumb/v7e-m/nofp\libm.a(lib_a-w_exp.o) (__fdlib_version)
c:/users/leonard/chipwh~1/cw/home/portable/armgcc/bin/../lib/gcc/arm-none-eabi/10.2.1/thumb/v7e-m/nofp\libgcc.a(_arm_muldf3.o)
                              c:/users/leonard/chipwh~1/cw/home/portable/armgcc/bin/../lib/gcc/arm-none-eabi/10.2.1/../../../../arm-none-eabi/lib/thumb/v7e-m/nofp\libm.a(lib_a-e_exp.o) (__aeabi_dmul)
c:/users/leonard/chipwh~1/cw/home/portable/armgcc/bin/../lib/gcc/arm-none-eabi/10.2.1/thumb/v7e-m/nofp\libgcc.a(_arm_mulsf3.o)
                              objdir/network.o (__aeabi_fmul)
c:/users/leonard/chipwh~1/cw/home/portable/armgcc/bin/../lib/gcc/arm-none-eabi/10.2.1/thumb/v7e-m/nofp\libgcc.a(_arm_addsubdf3.o)
                              c:/users/leonard/chipwh~1/cw/home/portable/armgcc/bin/../lib/gcc/arm-none-eabi/10.2.1/../../../../arm-none-eabi/lib/thumb/v7e-m/nofp\libm.a(lib_a-e_exp.o) (__aeabi_dsub)
c:/users/leonard/chipwh~1/cw/home/portable/armgcc/bin/../lib/gcc/arm-none-eabi/10.2.1/thumb/v7e-m/nofp\libgcc.a(_arm_muldivdf3.o)
                              objdir/network.o (__aeabi_ddiv)
c:/users/leonard/chipwh~1/cw/home/portable/armgcc/bin/../lib/gcc/arm-none-eabi/10.2.1/thumb/v7e-m/nofp\libgcc.a(_arm_cmpdf2.o)
                              c:/users/leonard/chipwh~1/cw/home/portable/armgcc/bin/../lib/gcc/arm-none-eabi/10.2.1/../../../../arm-none-eabi/lib/thumb/v7e-m/nofp\libm.a(lib_a-w_exp.o) (__aeabi_dcmplt)
c:/users/leonard/chipwh~1/cw/home/portable/armgcc/bin/../lib/gcc/arm-none-eabi/10.2.1/thumb/v7e-m/nofp\libgcc.a(_arm_fixdfsi.o)
                              c:/users/leonard/chipwh~1/cw/home/portable/armgcc/bin/../lib/gcc/arm-none-eabi/10.2.1/../../../../arm-none-eabi/lib/thumb/v7e-m/nofp\libm.a(lib_a-e_exp.o) (__aeabi_d2iz)
c:/users/leonard/chipwh~1/cw/home/portable/armgcc/bin/../lib/gcc/arm-none-eabi/10.2.1/thumb/v7e-m/nofp\libgcc.a(_arm_truncdfsf2.o)
                              objdir/network.o (__aeabi_d2f)
c:/users/leonard/chipwh~1/cw/home/portable/armgcc/bin/../lib/gcc/arm-none-eabi/10.2.1/thumb/v7e-m/nofp\libgcc.a(_arm_addsubsf3.o)
                              objdir/network.o (__aeabi_fadd)
c:/users/leonard/chipwh~1/cw/home/portable/armgcc/bin/../lib/gcc/arm-none-eabi/10.2.1/thumb/v7e-m/nofp\libgcc.a(_arm_cmpsf2.o)
                              objdir/network.o (__aeabi_fcmplt)
c:/users/leonard/chipwh~1/cw/home/portable/armgcc/bin/../lib/gcc/arm-none-eabi/10.2.1/../../../../arm-none-eabi/lib/thumb/v7e-m/nofp\libg_nano.a(lib_a-errno.o)
                              objdir/stm32f3_sysmem.o (__errno)
c:/users/leonard/chipwh~1/cw/home/portable/armgcc/bin/../lib/gcc/arm-none-eabi/10.2.1/../../../../arm-none-eabi/lib/thumb/v7e-m/nofp\libg_nano.a(lib_a-exit.o)
                              c:/users/leonard/chipwh~1/cw/home/portable/armgcc/bin/../lib/gcc/arm-none-eabi/10.2.1/../../../../arm-none-eabi/lib/thumb/v7e-m/nofp/crt0.o (exit)
c:/users/leonard/chipwh~1/cw/home/portable/armgcc/bin/../lib/gcc/arm-none-eabi/10.2.1/../../../../arm-none-eabi/lib/thumb/v7e-m/nofp\libg_nano.a(lib_a-impure.o)
                              c:/users/leonard/chipwh~1/cw/home/portable/armgcc/bin/../lib/gcc/arm-none-eabi/10.2.1/../../../../arm-none-eabi/lib/thumb/v7e-m/nofp\libg_nano.a(lib_a-exit.o) (_global_impure_ptr)
c:/users/leonard/chipwh~1/cw/home/portable/armgcc/bin/../lib/gcc/arm-none-eabi/10.2.1/../../../../arm-none-eabi/lib/thumb/v7e-m/nofp\libg_nano.a(lib_a-init.o)
                              c:/users/leonard/chipwh~1/cw/home/portable/armgcc/bin/../lib/gcc/arm-none-eabi/10.2.1/../../../../arm-none-eabi/lib/thumb/v7e-m/nofp/crt0.o (__libc_init_array)
[...]
Memory Configuration

Name             Origin             Length             Attributes
RAM              0x20000000         0x0000a000         xrw
ROM              0x08000000         0x00040000         xr
*default*        0x00000000         0xffffffff

Linker script and memory map

LOAD c:/users/leonard/chipwh~1/cw/home/portable/armgcc/bin/../lib/gcc/arm-none-eabi/10.2.1/thumb/v7e-m/nofp/crti.o
LOAD c:/users/leonard/chipwh~1/cw/home/portable/armgcc/bin/../lib/gcc/arm-none-eabi/10.2.1/thumb/v7e-m/nofp/crtbegin.o
LOAD c:/users/leonard/chipwh~1/cw/home/portable/armgcc/bin/../lib/gcc/arm-none-eabi/10.2.1/../../../../arm-none-eabi/lib/thumb/v7e-m/nofp/crt0.o
LOAD objdir/main.o
LOAD objdir/network.o
LOAD objdir/simpleserial.o
LOAD objdir/stm32f3_hal.o
LOAD objdir/stm32f3_hal_lowlevel.o
LOAD objdir/stm32f3_sysmem.o
LOAD objdir/stm32f3_startup.o
LOAD c:/users/leonard/chipwh~1/cw/home/portable/armgcc/bin/../lib/gcc/arm-none-eabi/10.2.1/../../../../arm-none-eabi/lib/thumb/v7e-m/nofp\libm.a
LOAD c:/users/leonard/chipwh~1/cw/home/portable/armgcc/bin/../lib/gcc/arm-none-eabi/10.2.1/../../../../arm-none-eabi/lib/thumb/v7e-m/nofp\libm.a
START GROUP
LOAD c:/users/leonard/chipwh~1/cw/home/portable/armgcc/bin/../lib/gcc/arm-none-eabi/10.2.1/thumb/v7e-m/nofp\libgcc.a
LOAD c:/users/leonard/chipwh~1/cw/home/portable/armgcc/bin/../lib/gcc/arm-none-eabi/10.2.1/../../../../arm-none-eabi/lib/thumb/v7e-m/nofp\libg_nano.a
LOAD c:/users/leonard/chipwh~1/cw/home/portable/armgcc/bin/../lib/gcc/arm-none-eabi/10.2.1/../../../../arm-none-eabi/lib/thumb/v7e-m/nofp\libc_nano.a
END GROUP
START GROUP
LOAD c:/users/leonard/chipwh~1/cw/home/portable/armgcc/bin/../lib/gcc/arm-none-eabi/10.2.1/thumb/v7e-m/nofp\libgcc.a
LOAD c:/users/leonard/chipwh~1/cw/home/portable/armgcc/bin/../lib/gcc/arm-none-eabi/10.2.1/../../../../arm-none-eabi/lib/thumb/v7e-m/nofp\libc_nano.a
LOAD c:/users/leonard/chipwh~1/cw/home/portable/armgcc/bin/../lib/gcc/arm-none-eabi/10.2.1/../../../../arm-none-eabi/lib/thumb/v7e-m/nofp\libnosys.a
END GROUP
START GROUP
LOAD c:/users/leonard/chipwh~1/cw/home/portable/armgcc/bin/../lib/gcc/arm-none-eabi/10.2.1/thumb/v7e-m/nofp\libgcc.a
LOAD c:/users/leonard/chipwh~1/cw/home/portable/armgcc/bin/../lib/gcc/arm-none-eabi/10.2.1/../../../../arm-none-eabi/lib/thumb/v7e-m/nofp\libc_nano.a
LOAD c:/users/leonard/chipwh~1/cw/home/portable/armgcc/bin/../lib/gcc/arm-none-eabi/10.2.1/../../../../arm-none-eabi/lib/thumb/v7e-m/nofp\libnosys.a
END GROUP
LOAD c:/users/leonard/chipwh~1/cw/home/portable/armgcc/bin/../lib/gcc/arm-none-eabi/10.2.1/thumb/v7e-m/nofp/crtend.o
LOAD c:/users/leonard/chipwh~1/cw/home/portable/armgcc/bin/../lib/gcc/arm-none-eabi/10.2.1/thumb/v7e-m/nofp/crtn.o
                0x2000a000                _estack = 0x2000a000
                0x00000000                _Min_Heap_Size = 0x0
                0x00000400                _Min_Stack_Size = 0x400

.isr_vector     0x08000000      0x188
                0x08000000                . = ALIGN (0x4)
 *(.isr_vector)
 .isr_vector    0x08000000      0x188 objdir/stm32f3_startup.o
                0x08000000                g_pfnVectors
                0x08000188                . = ALIGN (0x4)

.text           0x08000190     0x3b9c
                0x08000190                . = ALIGN (0x4)
 *(.text)
 .text          0x08000190       0x40 c:/users/leonard/chipwh~1/cw/home/portable/armgcc/bin/../lib/gcc/arm-none-eabi/10.2.1/thumb/v7e-m/nofp/crtbegin.o
 .text          0x080001d0      0x168 c:/users/leonard/chipwh~1/cw/home/portable/armgcc/bin/../lib/gcc/arm-none-eabi/10.2.1/thumb/v7e-m/nofp\libgcc.a(_arm_mulsf3.o)
                0x080001d0                __aeabi_fmul
                0x080001d0                __mulsf3
 .text          0x08000338      0x378 c:/users/leonard/chipwh~1/cw/home/portable/armgcc/bin/../lib/gcc/arm-none-eabi/10.2.1/thumb/v7e-m/nofp\libgcc.a(_arm_addsubdf3.o)
                0x08000338                __aeabi_drsub
                0x08000340                __aeabi_dsub
                0x08000340                __subdf3
                0x08000344                __aeabi_dadd
                0x08000344                __adddf3
                0x080005bc                __floatunsidf
                0x080005bc                __aeabi_ui2d
                0x080005dc                __floatsidf
                0x080005dc                __aeabi_i2d
                0x08000600                __aeabi_f2d
                0x08000600                __extendsfdf2
                0x08000644                __floatundidf
                0x08000644                __aeabi_ul2d
                0x08000654                __floatdidf
                0x08000654                __aeabi_l2d
 .text          0x080006b0      0x424 c:/users/leonard/chipwh~1/cw/home/portable/armgcc/bin/../lib/gcc/arm-none-eabi/10.2.1/thumb/v7e-m/nofp\libgcc.a(_arm_muldivdf3.o)
                0x080006b0                __aeabi_dmul
                0x080006b0                __muldf3
                0x08000904                __divdf3
                0x08000904                __aeabi_ddiv
 .text          0x08000ad4      0x110 c:/users/leonard/chipwh~1/cw/home/portable/armgcc/bin/../lib/gcc/arm-none-eabi/10.2.1/thumb/v7e-m/nofp\libgcc.a(_arm_cmpdf2.o)
                0x08000ad4                __gtdf2
                0x08000ad4                __gedf2
                0x08000adc                __ltdf2
                0x08000adc                __ledf2
                0x08000ae4                __nedf2
                0x08000ae4                __eqdf2
                0x08000ae4                __cmpdf2
                0x08000b60                __aeabi_cdrcmple
                0x08000b70                __aeabi_cdcmpeq
                0x08000b70                __aeabi_cdcmple
                0x08000b80                __aeabi_dcmpeq
                0x08000b94                __aeabi_dcmplt
                0x08000ba8                __aeabi_dcmple
                0x08000bbc                __aeabi_dcmpge
                0x08000bd0                __aeabi_dcmpgt
 .text          0x08000be4       0x50 c:/users/leonard/chipwh~1/cw/home/portable/armgcc/bin/../lib/gcc/arm-none-eabi/10.2.1/thumb/v7e-m/nofp\libgcc.a(_arm_fixdfsi.o)
                0x08000be4                __aeabi_d2iz
                0x08000be4                __fixdfsi
 .text          0x08000c34       0xa0 c:/users/leonard/chipwh~1/cw/home/portable/armgcc/bin/../lib/gcc/arm-none-eabi/10.2.1/thumb/v7e-m/nofp\libgcc.a(_arm_truncdfsf2.o)
                0x08000c34                __truncdfsf2
                0x08000c34                __aeabi_d2f
 .text          0x08000cd4      0x21c c:/users/leonard/chipwh~1/cw/home/portable/armgcc/bin/../lib/gcc/arm-none-eabi/10.2.1/thumb/v7e-m/nofp\libgcc.a(_arm_addsubsf3.o)
                0x08000cd4                __aeabi_frsub
                0x08000cdc                __subsf3
                0x08000cdc                __aeabi_fsub
                0x08000ce0                __aeabi_fadd
                0x08000ce0                __addsf3
                0x08000e40                __aeabi_ui2f
                0x08000e40                __floatunsisf
                0x08000e48                __aeabi_i2f
                0x08000e48                __floatsisf
                0x08000e64                __aeabi_ul2f
                0x08000e64                __floatundisf
                0x08000e74                __aeabi_l2f
                0x08000e74                __floatdisf
 .text          0x08000ef0       0xec c:/users/leonard/chipwh~1/cw/home/portable/armgcc/bin/../lib/gcc/arm-none-eabi/10.2.1/thumb/v7e-m/nofp\libgcc.a(_arm_cmpsf2.o)
                0x08000ef0                __gesf2
                0x08000ef0                __gtsf2
                0x08000ef8                __lesf2
                0x08000ef8                __ltsf2
                0x08000f00                __nesf2
                0x08000f00                __eqsf2
                0x08000f00                __cmpsf2
                0x08000f60                __aeabi_cfrcmple
                0x08000f68                __aeabi_cfcmpeq
                0x08000f68                __aeabi_cfcmple
                0x08000f78                __aeabi_fcmpeq
                0x08000f8c                __aeabi_fcmplt
                0x08000fa0                __aeabi_fcmple
                0x08000fb4                __aeabi_fcmpge
                0x08000fc8                __aeabi_fcmpgt
 *fill*         0x08000fdc        0x4 
 .text          0x08000fe0       0xa0 c:/users/leonard/chipwh~1/cw/home/portable/armgcc/bin/../lib/gcc/arm-none-eabi/10.2.1/../../../../arm-none-eabi/lib/thumb/v7e-m/nofp\libg_nano.a(lib_a-memchr.o)
                0x08000fe0                memchr
 *(.text*)
 .text.handle   0x08001080       0xdc objdir/main.o
                0x08001080                handle
 .text.init_weights
                0x0800115c       0x9c objdir/main.o
                0x0800115c                init_weights
 .text.startup.main
                0x080011f8       0x34 objdir/main.o
                0x080011f8                main
 .text.fisher_yates_deranged
                0x0800122c       0x62 objdir/network.o
                0x0800122c                fisher_yates_deranged
 .text.free_network
                0x0800128e       0x56 objdir/network.o
                0x0800128e                free_network
 .text.create_neuron
                0x080012e4       0x5e objdir/network.o
                0x080012e4                create_neuron
 .text.create_layer
                0x08001342       0x16 objdir/network.o
                0x08001342                create_layer
 .text.create_network
                0x08001358       0x14 objdir/network.o
                0x08001358                create_network
 .text.init_network
                0x0800136c       0xb0 objdir/network.o
                0x0800136c                init_network
 .text.shuffle_mul_indices_deranged
                0x0800141c       0x4a objdir/network.o
                0x0800141c                shuffle_mul_indices_deranged
 *fill*         0x08001466        0x2 
 .text.forward_shuffled
                0x08001468      0x1f8 objdir/network.o
                0x08001468                forward_shuffled
 .text.ss_crc   0x08001660       0x2a objdir/simpleserial.o
                0x08001660                ss_crc
 .text.stuff_data
                0x0800168a       0x22 objdir/simpleserial.o
                0x0800168a                stuff_data
 .text.unstuff_data
                0x080016ac       0x1e objdir/simpleserial.o
                0x080016ac                unstuff_data
 *fill*         0x080016ca        0x2 
 .text.simpleserial_addcmd
                0x080016cc       0x34 objdir/simpleserial.o
                0x080016cc                simpleserial_addcmd
 .text.simpleserial_init
                0x08001700       0x24 objdir/simpleserial.o
                0x08001700                simpleserial_init
 .text.simpleserial_put
                0x08001724       0x56 objdir/simpleserial.o
                0x08001724                simpleserial_put
 .text.check_version
                0x0800177a       0x1c objdir/simpleserial.o
                0x0800177a                check_version
 *fill*         0x08001796        0x2 
 .text.ss_get_commands
                0x08001798       0x38 objdir/simpleserial.o
                0x08001798                ss_get_commands
 .text.simpleserial_get
                0x080017d0       0xdc objdir/simpleserial.o
                0x080017d0                simpleserial_get
 .text.platform_init
                0x080018ac       0x80 objdir/stm32f3_hal.o
                0x080018ac                platform_init
 .text.init_uart
                0x0800192c       0x7c objdir/stm32f3_hal.o
                0x0800192c                init_uart
 .text.trigger_setup
                0x080019a8       0x48 objdir/stm32f3_hal.o
                0x080019a8                trigger_setup
 .text.trigger_high
                0x080019f0        0xe objdir/stm32f3_hal.o
                0x080019f0                trigger_high
 .text.trigger_low
                0x080019fe        0xe objdir/stm32f3_hal.o
                0x080019fe                trigger_low
 .text.getch    0x08001a0c       0x34 objdir/stm32f3_hal.o
                0x08001a0c                getch
 .text.putch    0x08001a40       0x20 objdir/stm32f3_hal.o
                0x08001a40                putch
 .text.HAL_GetTick
                0x08001a60       0x10 objdir/stm32f3_hal_lowlevel.o
                0x08001a60                HAL_GetTick
 .text.HAL_RCC_OscConfig
                0x08001a70      0x4dc objdir/stm32f3_hal_lowlevel.o
                0x08001a70                HAL_RCC_OscConfig
 .text.HAL_RCC_ClockConfig
                0x08001f4c      0x14c objdir/stm32f3_hal_lowlevel.o
                0x08001f4c                HAL_RCC_ClockConfig
 .text.HAL_GPIO_Init
                0x08002098      0x188 objdir/stm32f3_hal_lowlevel.o
                0x08002098                HAL_GPIO_Init
 .text.HAL_GPIO_WritePin
                0x08002220        0xa objdir/stm32f3_hal_lowlevel.o
                0x08002220                HAL_GPIO_WritePin
 *fill*         0x0800222a        0x2 
 .text.UART_SetConfig
                0x0800222c      0x1e0 objdir/stm32f3_hal_lowlevel.o
                0x0800222c                UART_SetConfig
 .text.UART_WaitOnFlagUntilTimeout
                0x0800240c       0x58 objdir/stm32f3_hal_lowlevel.o
                0x0800240c                UART_WaitOnFlagUntilTimeout
 .text.UART_CheckIdleState
                0x08002464       0x64 objdir/stm32f3_hal_lowlevel.o
                0x08002464                UART_CheckIdleState
 .text.HAL_UART_Init
                0x080024c8       0x56 objdir/stm32f3_hal_lowlevel.o
                0x080024c8                HAL_UART_Init
 .text.HAL_UART_Transmit
                0x0800251e       0xac objdir/stm32f3_hal_lowlevel.o
                0x0800251e                HAL_UART_Transmit
 .text.HAL_UART_Receive
                0x080025ca       0xd6 objdir/stm32f3_hal_lowlevel.o
                0x080025ca                HAL_UART_Receive
 .text._sbrk    0x080026a0       0x34 objdir/stm32f3_sysmem.o
                0x080026a0                _sbrk
 .text.Reset_Handler
                0x080026d4       0x48 objdir/stm32f3_startup.o
                0x080026d4                Reset_Handler
 .text.Default_Handler
                0x0800271c        0x2 objdir/stm32f3_startup.o
                0x0800271c                DebugMon_Handler
                0x0800271c                HardFault_Handler
                0x0800271c                SysTick_Handler
                0x0800271c                PendSV_Handler
                0x0800271c                NMI_Handler
                0x0800271c                UsageFault_Handler
                0x0800271c                Default_Handler
                0x0800271c                MemManage_Handler
                0x0800271c                SVC_Handler
                0x0800271c                BusFault_Handler
 *fill*         0x0800271e        0x2 
 .text.exp      0x08002720       0x80 c:/users/leonard/chipwh~1/cw/home/portable/armgcc/bin/../lib/gcc/arm-none-eabi/10.2.1/../../../../arm-none-eabi/lib/thumb/v7e-m/nofp\libm.a(lib_a-w_exp.o)
                0x08002720                exp
 .text.__ieee754_exp
                0x080027a0      0x3a4 c:/users/leonard/chipwh~1/cw/home/portable/armgcc/bin/../lib/gcc/arm-none-eabi/10.2.1/../../../../arm-none-eabi/lib/thumb/v7e-m/nofp\libm.a(lib_a-e_exp.o)
                0x080027a0                __ieee754_exp
 .text.finite   0x08002b44        0xc c:/users/leonard/chipwh~1/cw/home/portable/armgcc/bin/../lib/gcc/arm-none-eabi/10.2.1/../../../../arm-none-eabi/lib/thumb/v7e-m/nofp\libm.a(lib_a-s_finite.o)
                0x08002b44                finite
 .text.__errno  0x08002b50        0xc c:/users/leonard/chipwh~1/cw/home/portable/armgcc/bin/../lib/gcc/arm-none-eabi/10.2.1/../../../../arm-none-eabi/lib/thumb/v7e-m/nofp\libg_nano.a(lib_a-errno.o)
                0x08002b50                __errno
 .text.__libc_init_array
                0x08002b5c       0x48 c:/users/leonard/chipwh~1/cw/home/portable/armgcc/bin/../lib/gcc/arm-none-eabi/10.2.1/../../../../arm-none-eabi/lib/thumb/v7e-m/nofp\libg_nano.a(lib_a-init.o)
                0x08002b5c                __libc_init_array
 .text.malloc   0x08002ba4       0x10 c:/users/leonard/chipwh~1/cw/home/portable/armgcc/bin/../lib/gcc/arm-none-eabi/10.2.1/../../../../arm-none-eabi/lib/thumb/v7e-m/nofp\libg_nano.a(lib_a-malloc.o)
                0x08002ba4                malloc
 .text.free     0x08002bb4       0x10 c:/users/leonard/chipwh~1/cw/home/portable/armgcc/bin/../lib/gcc/arm-none-eabi/10.2.1/../../../../arm-none-eabi/lib/thumb/v7e-m/nofp\libg_nano.a(lib_a-malloc.o)
                0x08002bb4                free
 .text.memcpy   0x08002bc4       0x1c c:/users/leonard/chipwh~1/cw/home/portable/armgcc/bin/../lib/gcc/arm-none-eabi/10.2.1/../../../../arm-none-eabi/lib/thumb/v7e-m/nofp\libg_nano.a(lib_a-memcpy-stub.o)
                0x08002bc4                memcpy
 .text.memset   0x08002be0       0x10 c:/users/leonard/chipwh~1/cw/home/portable/armgcc/bin/../lib/gcc/arm-none-eabi/10.2.1/../../../../arm-none-eabi/lib/thumb/v7e-m/nofp\libg_nano.a(lib_a-memset.o)
                0x08002be0                memset
 .text._free_r  0x08002bf0       0x94 c:/users/leonard/chipwh~1/cw/home/portable/armgcc/bin/../lib/gcc/arm-none-eabi/10.2.1/../../../../arm-none-eabi/lib/thumb/v7e-m/nofp\libg_nano.a(lib_a-nano-freer.o)
                0x08002bf0                _free_r
 .text._malloc_r
                0x08002c84       0xb4 c:/users/leonard/chipwh~1/cw/home/portable/armgcc/bin/../lib/gcc/arm-none-eabi/10.2.1/../../../../arm-none-eabi/lib/thumb/v7e-m/nofp\libg_nano.a(lib_a-nano-mallocr.o)
                0x08002c84                _malloc_r
 .text.srand    0x08002d38       0x5c c:/users/leonard/chipwh~1/cw/home/portable/armgcc/bin/../lib/gcc/arm-none-eabi/10.2.1/../../../../arm-none-eabi/lib/thumb/v7e-m/nofp\libg_nano.a(lib_a-rand.o)
                0x08002d38                srand
 .text.rand     0x08002d94       0x7c c:/users/leonard/chipwh~1/cw/home/portable/armgcc/bin/../lib/gcc/arm-none-eabi/10.2.1/../../../../arm-none-eabi/lib/thumb/v7e-m/nofp\libg_nano.a(lib_a-rand.o)
                0x08002d94                rand
 .text._sbrk_r  0x08002e10       0x20 c:/users/leonard/chipwh~1/cw/home/portable/armgcc/bin/../lib/gcc/arm-none-eabi/10.2.1/../../../../arm-none-eabi/lib/thumb/v7e-m/nofp\libg_nano.a(lib_a-sbrkr.o)
                0x08002e10                _sbrk_r
 .text.time     0x08002e30       0x34 c:/users/leonard/chipwh~1/cw/home/portable/armgcc/bin/../lib/gcc/arm-none-eabi/10.2.1/../../../../arm-none-eabi/lib/thumb/v7e-m/nofp\libg_nano.a(lib_a-time.o)
                0x08002e30                time
 .text.__swbuf_r
                0x08002e64       0xa4 c:/users/leonard/chipwh~1/cw/home/portable/armgcc/bin/../lib/gcc/arm-none-eabi/10.2.1/../../../../arm-none-eabi/lib/thumb/v7e-m/nofp\libg_nano.a(lib_a-wbuf.o)
                0x08002e64                __swbuf_r
 .text.__swsetup_r
                0x08002f08       0xdc c:/users/leonard/chipwh~1/cw/home/portable/armgcc/bin/../lib/gcc/arm-none-eabi/10.2.1/../../../../arm-none-eabi/lib/thumb/v7e-m/nofp\libg_nano.a(lib_a-wsetup.o)
                0x08002f08                __swsetup_r
 .text.__assert_func
                0x08002fe4       0x3c c:/users/leonard/chipwh~1/cw/home/portable/armgcc/bin/../lib/gcc/arm-none-eabi/10.2.1/../../../../arm-none-eabi/lib/thumb/v7e-m/nofp\libg_nano.a(lib_a-assert.o)
                0x08002fe4                __assert_func
 .text.__sflush_r
                0x08003020      0x104 c:/users/leonard/chipwh~1/cw/home/portable/armgcc/bin/../lib/gcc/arm-none-eabi/10.2.1/../../../../arm-none-eabi/lib/thumb/v7e-m/nofp\libg_nano.a(lib_a-fflush.o)
                0x08003020                __sflush_r
 .text._fflush_r
                0x08003124       0x78 c:/users/leonard/chipwh~1/cw/home/portable/armgcc/bin/../lib/gcc/arm-none-eabi/10.2.1/../../../../arm-none-eabi/lib/thumb/v7e-m/nofp\libg_nano.a(lib_a-fflush.o)
                0x08003124                _fflush_r
 .text.std      0x0800319c       0x48 c:/users/leonard/chipwh~1/cw/home/portable/armgcc/bin/../lib/gcc/arm-none-eabi/10.2.1/../../../../arm-none-eabi/lib/thumb/v7e-m/nofp\libg_nano.a(lib_a-findfp.o)
 .text._cleanup_r
                0x080031e4        0xc c:/users/leonard/chipwh~1/cw/home/portable/armgcc/bin/../lib/gcc/arm-none-eabi/10.2.1/../../../../arm-none-eabi/lib/thumb/v7e-m/nofp\libg_nano.a(lib_a-findfp.o)
                0x080031e4                _cleanup_r
 .text.__sfmoreglue
                0x080031f0       0x2c c:/users/leonard/chipwh~1/cw/home/portable/armgcc/bin/../lib/gcc/arm-none-eabi/10.2.1/../../../../arm-none-eabi/lib/thumb/v7e-m/nofp\libg_nano.a(lib_a-findfp.o)
                0x080031f0                __sfmoreglue
 .text.__sfp_lock_acquire
                0x0800321c        0xc c:/users/leonard/chipwh~1/cw/home/portable/armgcc/bin/../lib/gcc/arm-none-eabi/10.2.1/../../../../arm-none-eabi/lib/thumb/v7e-m/nofp\libg_nano.a(lib_a-findfp.o)
                0x0800321c                __sfp_lock_acquire
 .text.__sfp_lock_release
                0x08003228        0xc c:/users/leonard/chipwh~1/cw/home/portable/armgcc/bin/../lib/gcc/arm-none-eabi/10.2.1/../../../../arm-none-eabi/lib/thumb/v7e-m/nofp\libg_nano.a(lib_a-findfp.o)
                0x08003228                __sfp_lock_release
 .text.__sinit_lock_acquire
                0x08003234        0xc c:/users/leonard/chipwh~1/cw/home/portable/armgcc/bin/../lib/gcc/arm-none-eabi/10.2.1/../../../../arm-none-eabi/lib/thumb/v7e-m/nofp\libg_nano.a(lib_a-findfp.o)
                0x08003234                __sinit_lock_acquire
 .text.__sinit_lock_release
                0x08003240        0xc c:/users/leonard/chipwh~1/cw/home/portable/armgcc/bin/../lib/gcc/arm-none-eabi/10.2.1/../../../../arm-none-eabi/lib/thumb/v7e-m/nofp\libg_nano.a(lib_a-findfp.o)
                0x08003240                __sinit_lock_release
 .text.__sinit  0x0800324c       0x70 c:/users/leonard/chipwh~1/cw/home/portable/armgcc/bin/../lib/gcc/arm-none-eabi/10.2.1/../../../../arm-none-eabi/lib/thumb/v7e-m/nofp\libg_nano.a(lib_a-findfp.o)
                0x0800324c                __sinit
 .text.__sfp    0x080032bc       0x8c c:/users/leonard/chipwh~1/cw/home/portable/armgcc/bin/../lib/gcc/arm-none-eabi/10.2.1/../../../../arm-none-eabi/lib/thumb/v7e-m/nofp\libg_nano.a(lib_a-findfp.o)
                0x080032bc                __sfp
 .text.fprintf  0x08003348       0x24 c:/users/leonard/chipwh~1/cw/home/portable/armgcc/bin/../lib/gcc/arm-none-eabi/10.2.1/../../../../arm-none-eabi/lib/thumb/v7e-m/nofp\libg_nano.a(lib_a-fprintf.o)
                0x08003348                fiprintf
                0x08003348                fprintf
 .text._fwalk_reent
                0x0800336c       0x3e c:/users/leonard/chipwh~1/cw/home/portable/armgcc/bin/../lib/gcc/arm-none-eabi/10.2.1/../../../../arm-none-eabi/lib/thumb/v7e-m/nofp\libg_nano.a(lib_a-fwalk.o)
                0x0800336c                _fwalk_reent
 *fill*         0x080033aa        0x2 
 .text._gettimeofday_r
                0x080033ac       0x24 c:/users/leonard/chipwh~1/cw/home/portable/armgcc/bin/../lib/gcc/arm-none-eabi/10.2.1/../../../../arm-none-eabi/lib/thumb/v7e-m/nofp\libg_nano.a(lib_a-gettimeofdayr.o)
                0x080033ac                _gettimeofday_r
 .text.__retarget_lock_init_recursive
                0x080033d0        0x2 c:/users/leonard/chipwh~1/cw/home/portable/armgcc/bin/../lib/gcc/arm-none-eabi/10.2.1/../../../../arm-none-eabi/lib/thumb/v7e-m/nofp\libg_nano.a(lib_a-lock.o)
                0x080033d0                __retarget_lock_init_recursive
 .text.__retarget_lock_acquire_recursive
                0x080033d2        0x2 c:/users/leonard/chipwh~1/cw/home/portable/armgcc/bin/../lib/gcc/arm-none-eabi/10.2.1/../../../../arm-none-eabi/lib/thumb/v7e-m/nofp\libg_nano.a(lib_a-lock.o)
                0x080033d2                __retarget_lock_acquire_recursive
 .text.__retarget_lock_release_recursive
                0x080033d4        0x2 c:/users/leonard/chipwh~1/cw/home/portable/armgcc/bin/../lib/gcc/arm-none-eabi/10.2.1/../../../../arm-none-eabi/lib/thumb/v7e-m/nofp\libg_nano.a(lib_a-lock.o)
                0x080033d4                __retarget_lock_release_recursive
 .text.__swhatbuf_r
                0x080033d6       0x4a c:/users/leonard/chipwh~1/cw/home/portable/armgcc/bin/../lib/gcc/arm-none-eabi/10.2.1/../../../../arm-none-eabi/lib/thumb/v7e-m/nofp\libg_nano.a(lib_a-makebuf.o)
                0x080033d6                __swhatbuf_r
 .text.__smakebuf_r
                0x08003420       0x80 c:/users/leonard/chipwh~1/cw/home/portable/armgcc/bin/../lib/gcc/arm-none-eabi/10.2.1/../../../../arm-none-eabi/lib/thumb/v7e-m/nofp\libg_nano.a(lib_a-makebuf.o)
                0x08003420                __smakebuf_r
 .text.__malloc_lock
                0x080034a0        0xc c:/users/leonard/chipwh~1/cw/home/portable/armgcc/bin/../lib/gcc/arm-none-eabi/10.2.1/../../../../arm-none-eabi/lib/thumb/v7e-m/nofp\libg_nano.a(lib_a-mlock.o)
                0x080034a0                __malloc_lock
 .text.__malloc_unlock
                0x080034ac        0xc c:/users/leonard/chipwh~1/cw/home/portable/armgcc/bin/../lib/gcc/arm-none-eabi/10.2.1/../../../../arm-none-eabi/lib/thumb/v7e-m/nofp\libg_nano.a(lib_a-mlock.o)
                0x080034ac                __malloc_unlock
 .text.__sfputc_r
                0x080034b8       0x2a c:/users/leonard/chipwh~1/cw/home/portable/armgcc/bin/../lib/gcc/arm-none-eabi/10.2.1/../../../../arm-none-eabi/lib/thumb/v7e-m/nofp\libg_nano.a(lib_a-nano-vfprintf.o)
 .text.__sfputs_r
                0x080034e2       0x24 c:/users/leonard/chipwh~1/cw/home/portable/armgcc/bin/../lib/gcc/arm-none-eabi/10.2.1/../../../../arm-none-eabi/lib/thumb/v7e-m/nofp\libg_nano.a(lib_a-nano-vfprintf.o)
                0x080034e2                __sfputs_r
 *fill*         0x08003506        0x2 
 .text._vfprintf_r
                0x08003508      0x260 c:/users/leonard/chipwh~1/cw/home/portable/armgcc/bin/../lib/gcc/arm-none-eabi/10.2.1/../../../../arm-none-eabi/lib/thumb/v7e-m/nofp\libg_nano.a(lib_a-nano-vfprintf.o)
                0x08003508                _vfprintf_r
                0x08003508                _vfiprintf_r
 .text._printf_common
                0x08003768       0xda c:/users/leonard/chipwh~1/cw/home/portable/armgcc/bin/../lib/gcc/arm-none-eabi/10.2.1/../../../../arm-none-eabi/lib/thumb/v7e-m/nofp\libg_nano.a(lib_a-nano-vfprintf_i.o)
                0x08003768                _printf_common
 *fill*         0x08003842        0x2 
 .text._printf_i
                0x08003844      0x24c c:/users/leonard/chipwh~1/cw/home/portable/armgcc/bin/../lib/gcc/arm-none-eabi/10.2.1/../../../../arm-none-eabi/lib/thumb/v7e-m/nofp\libg_nano.a(lib_a-nano-vfprintf_i.o)
                0x08003844                _printf_i
 .text.__sread  0x08003a90       0x22 c:/users/leonard/chipwh~1/cw/home/portable/armgcc/bin/../lib/gcc/arm-none-eabi/10.2.1/../../../../arm-none-eabi/lib/thumb/v7e-m/nofp\libg_nano.a(lib_a-stdio.o)
                0x08003a90                __sread
 .text.__swrite
                0x08003ab2       0x38 c:/users/leonard/chipwh~1/cw/home/portable/armgcc/bin/../lib/gcc/arm-none-eabi/10.2.1/../../../../arm-none-eabi/lib/thumb/v7e-m/nofp\libg_nano.a(lib_a-stdio.o)
                0x08003ab2                __swrite
 .text.__sseek  0x08003aea       0x24 c:/users/leonard/chipwh~1/cw/home/portable/armgcc/bin/../lib/gcc/arm-none-eabi/10.2.1/../../../../arm-none-eabi/lib/thumb/v7e-m/nofp\libg_nano.a(lib_a-stdio.o)
                0x08003aea                __sseek
 .text.__sclose
                0x08003b0e        0x8 c:/users/leonard/chipwh~1/cw/home/portable/armgcc/bin/../lib/gcc/arm-none-eabi/10.2.1/../../../../arm-none-eabi/lib/thumb/v7e-m/nofp\libg_nano.a(lib_a-stdio.o)
                0x08003b0e                __sclose
 *fill*         0x08003b16        0x2 
 .text._write_r
                0x08003b18       0x24 c:/users/leonard/chipwh~1/cw/home/portable/armgcc/bin/../lib/gcc/arm-none-eabi/10.2.1/../../../../arm-none-eabi/lib/thumb/v7e-m/nofp\libg_nano.a(lib_a-writer.o)
                0x08003b18                _write_r
 .text.abort    0x08003b3c        0xe c:/users/leonard/chipwh~1/cw/home/portable/armgcc/bin/../lib/gcc/arm-none-eabi/10.2.1/../../../../arm-none-eabi/lib/thumb/v7e-m/nofp\libg_nano.a(lib_a-abort.o)
                0x08003b3c                abort
 *fill*         0x08003b4a        0x2 
 .text._close_r
                0x08003b4c       0x20 c:/users/leonard/chipwh~1/cw/home/portable/armgcc/bin/../lib/gcc/arm-none-eabi/10.2.1/../../../../arm-none-eabi/lib/thumb/v7e-m/nofp\libg_nano.a(lib_a-closer.o)
                0x08003b4c                _close_r
 .text._fstat_r
                0x08003b6c       0x24 c:/users/leonard/chipwh~1/cw/home/portable/armgcc/bin/../lib/gcc/arm-none-eabi/10.2.1/../../../../arm-none-eabi/lib/thumb/v7e-m/nofp\libg_nano.a(lib_a-fstatr.o)
                0x08003b6c                _fstat_r
 .text._isatty_r
                0x08003b90       0x20 c:/users/leonard/chipwh~1/cw/home/portable/armgcc/bin/../lib/gcc/arm-none-eabi/10.2.1/../../../../arm-none-eabi/lib/thumb/v7e-m/nofp\libg_nano.a(lib_a-isattyr.o)
                0x08003b90                _isatty_r
 .text._lseek_r
                0x08003bb0       0x24 c:/users/leonard/chipwh~1/cw/home/portable/armgcc/bin/../lib/gcc/arm-none-eabi/10.2.1/../../../../arm-none-eabi/lib/thumb/v7e-m/nofp\libg_nano.a(lib_a-lseekr.o)
                0x08003bb0                _lseek_r
 .text._read_r  0x08003bd4       0x24 c:/users/leonard/chipwh~1/cw/home/portable/armgcc/bin/../lib/gcc/arm-none-eabi/10.2.1/../../../../arm-none-eabi/lib/thumb/v7e-m/nofp\libg_nano.a(lib_a-readr.o)
                0x08003bd4                _read_r
 .text._raise_r
                0x08003bf8       0x50 c:/users/leonard/chipwh~1/cw/home/portable/armgcc/bin/../lib/gcc/arm-none-eabi/10.2.1/../../../../arm-none-eabi/lib/thumb/v7e-m/nofp\libg_nano.a(lib_a-signal.o)
                0x08003bf8                _raise_r
 .text.raise    0x08003c48       0x10 c:/users/leonard/chipwh~1/cw/home/portable/armgcc/bin/../lib/gcc/arm-none-eabi/10.2.1/../../../../arm-none-eabi/lib/thumb/v7e-m/nofp\libg_nano.a(lib_a-signal.o)
                0x08003c48                raise
 .text._kill_r  0x08003c58       0x24 c:/users/leonard/chipwh~1/cw/home/portable/armgcc/bin/../lib/gcc/arm-none-eabi/10.2.1/../../../../arm-none-eabi/lib/thumb/v7e-m/nofp\libg_nano.a(lib_a-signalr.o)
                0x08003c58                _kill_r
 .text._getpid_r
                0x08003c7c        0x4 c:/users/leonard/chipwh~1/cw/home/portable/armgcc/bin/../lib/gcc/arm-none-eabi/10.2.1/../../../../arm-none-eabi/lib/thumb/v7e-m/nofp\libg_nano.a(lib_a-signalr.o)
                0x08003c7c                _getpid_r
 .text._close   0x08003c80       0x10 c:/users/leonard/chipwh~1/cw/home/portable/armgcc/bin/../lib/gcc/arm-none-eabi/10.2.1/../../../../arm-none-eabi/lib/thumb/v7e-m/nofp\libnosys.a(close.o)
                0x08003c80                _close
 .text._fstat   0x08003c90       0x10 c:/users/leonard/chipwh~1/cw/home/portable/armgcc/bin/../lib/gcc/arm-none-eabi/10.2.1/../../../../arm-none-eabi/lib/thumb/v7e-m/nofp\libnosys.a(fstat.o)
                0x08003c90                _fstat
 .text._getpid  0x08003ca0       0x10 c:/users/leonard/chipwh~1/cw/home/portable/armgcc/bin/../lib/gcc/arm-none-eabi/10.2.1/../../../../arm-none-eabi/lib/thumb/v7e-m/nofp\libnosys.a(getpid.o)
                0x08003ca0                _getpid
 .text._gettimeofday
                0x08003cb0       0x10 c:/users/leonard/chipwh~1/cw/home/portable/armgcc/bin/../lib/gcc/arm-none-eabi/10.2.1/../../../../arm-none-eabi/lib/thumb/v7e-m/nofp\libnosys.a(gettod.o)
                0x08003cb0                _gettimeofday
 .text._isatty  0x08003cc0       0x10 c:/users/leonard/chipwh~1/cw/home/portable/armgcc/bin/../lib/gcc/arm-none-eabi/10.2.1/../../../../arm-none-eabi/lib/thumb/v7e-m/nofp\libnosys.a(isatty.o)
                0x08003cc0                _isatty
 .text._kill    0x08003cd0       0x10 c:/users/leonard/chipwh~1/cw/home/portable/armgcc/bin/../lib/gcc/arm-none-eabi/10.2.1/../../../../arm-none-eabi/lib/thumb/v7e-m/nofp\libnosys.a(kill.o)
                0x08003cd0                _kill
 .text._lseek   0x08003ce0       0x10 c:/users/leonard/chipwh~1/cw/home/portable/armgcc/bin/../lib/gcc/arm-none-eabi/10.2.1/../../../../arm-none-eabi/lib/thumb/v7e-m/nofp\libnosys.a(lseek.o)
                0x08003ce0                _lseek
 .text._read    0x08003cf0       0x10 c:/users/leonard/chipwh~1/cw/home/portable/armgcc/bin/../lib/gcc/arm-none-eabi/10.2.1/../../../../arm-none-eabi/lib/thumb/v7e-m/nofp\libnosys.a(read.o)
                0x08003cf0                _read
 .text._write   0x08003d00       0x10 c:/users/leonard/chipwh~1/cw/home/portable/armgcc/bin/../lib/gcc/arm-none-eabi/10.2.1/../../../../arm-none-eabi/lib/thumb/v7e-m/nofp\libnosys.a(write.o)
                0x08003d00                _write
 .text._exit    0x08003d10        0x4 c:/users/leonard/chipwh~1/cw/home/portable/armgcc/bin/../lib/gcc/arm-none-eabi/10.2.1/../../../../arm-none-eabi/lib/thumb/v7e-m/nofp\libnosys.a(_exit.o)
                0x08003d10                _exit
 *(.glue_7)
 .glue_7        0x08003d14        0x0 linker stubs
 *(.glue_7t)
 .glue_7t       0x08003d14        0x0 linker stubs
 *(.eh_frame)
 .eh_frame      0x08003d14        0x0 c:/users/leonard/chipwh~1/cw/home/portable/armgcc/bin/../lib/gcc/arm-none-eabi/10.2.1/thumb/v7e-m/nofp/crtbegin.o
 *(.init)
 .init          0x08003d14        0x4 c:/users/leonard/chipwh~1/cw/home/portable/armgcc/bin/../lib/gcc/arm-none-eabi/10.2.1/thumb/v7e-m/nofp/crti.o
                0x08003d14                _init
 .init          0x08003d18        0x8 c:/users/leonard/chipwh~1/cw/home/portable/armgcc/bin/../lib/gcc/arm-none-eabi/10.2.1/thumb/v7e-m/nofp/crtn.o
 *(.fini)
 .fini          0x08003d20        0x4 c:/users/leonard/chipwh~1/cw/home/portable/armgcc/bin/../lib/gcc/arm-none-eabi/10.2.1/thumb/v7e-m/nofp/crti.o
                0x08003d20                _fini
 .fini          0x08003d24        0x8 c:/users/leonard/chipwh~1/cw/home/portable/armgcc/bin/../lib/gcc/arm-none-eabi/10.2.1/thumb/v7e-m/nofp/crtn.o
                0x08003d2c                . = ALIGN (0x4)
                0x08003d2c                _etext = .

.vfp11_veneer   0x08003d2c        0x0
 .vfp11_veneer  0x08003d2c        0x0 linker stubs

.v4_bx          0x08003d2c        0x0
 .v4_bx         0x08003d2c        0x0 linker stubs

.iplt           0x08003d2c        0x0
 .iplt          0x08003d2c        0x0 c:/users/leonard/chipwh~1/cw/home/portable/armgcc/bin/../lib/gcc/arm-none-eabi/10.2.1/thumb/v7e-m/nofp/crtbegin.o

.rodata         0x08003d30      0x2d8
                0x08003d30                . = ALIGN (0x4)
 *(.rodata)
 .rodata        0x08003d30      0x138 objdir/main.o
 .rodata        0x08003e68        0x3 objdir/stm32f3_hal_lowlevel.o
 *(.rodata*)
 *fill*         0x08003e6b        0x5 
 .rodata.halF   0x08003e70       0x10 c:/users/leonard/chipwh~1/cw/home/portable/armgcc/bin/../lib/gcc/arm-none-eabi/10.2.1/../../../../arm-none-eabi/lib/thumb/v7e-m/nofp\libm.a(lib_a-e_exp.o)
 .rodata.ln2HI  0x08003e80       0x10 c:/users/leonard/chipwh~1/cw/home/portable/armgcc/bin/../lib/gcc/arm-none-eabi/10.2.1/../../../../arm-none-eabi/lib/thumb/v7e-m/nofp\libm.a(lib_a-e_exp.o)
 .rodata.ln2LO  0x08003e90       0x10 c:/users/leonard/chipwh~1/cw/home/portable/armgcc/bin/../lib/gcc/arm-none-eabi/10.2.1/../../../../arm-none-eabi/lib/thumb/v7e-m/nofp\libm.a(lib_a-e_exp.o)
 .rodata._global_impure_ptr
                0x08003ea0        0x4 c:/users/leonard/chipwh~1/cw/home/portable/armgcc/bin/../lib/gcc/arm-none-eabi/10.2.1/../../../../arm-none-eabi/lib/thumb/v7e-m/nofp\libg_nano.a(lib_a-impure.o)
                0x08003ea0                _global_impure_ptr
 .rodata.srand.str1.1
                0x08003ea4       0x94 c:/users/leonard/chipwh~1/cw/home/portable/armgcc/bin/../lib/gcc/arm-none-eabi/10.2.1/../../../../arm-none-eabi/lib/thumb/v7e-m/nofp\libg_nano.a(lib_a-rand.o)
 .rodata.__assert_func.str1.1
                0x08003f38       0x3c c:/users/leonard/chipwh~1/cw/home/portable/armgcc/bin/../lib/gcc/arm-none-eabi/10.2.1/../../../../arm-none-eabi/lib/thumb/v7e-m/nofp\libg_nano.a(lib_a-assert.o)
                                 0x3d (size before relaxing)
 .rodata.__sf_fake_stderr
                0x08003f74       0x20 c:/users/leonard/chipwh~1/cw/home/portable/armgcc/bin/../lib/gcc/arm-none-eabi/10.2.1/../../../../arm-none-eabi/lib/thumb/v7e-m/nofp\libg_nano.a(lib_a-findfp.o)
                0x08003f74                __sf_fake_stderr
 .rodata.__sf_fake_stdin
                0x08003f94       0x20 c:/users/leonard/chipwh~1/cw/home/portable/armgcc/bin/../lib/gcc/arm-none-eabi/10.2.1/../../../../arm-none-eabi/lib/thumb/v7e-m/nofp\libg_nano.a(lib_a-findfp.o)
                0x08003f94                __sf_fake_stdin
 .rodata.__sf_fake_stdout
                0x08003fb4       0x20 c:/users/leonard/chipwh~1/cw/home/portable/armgcc/bin/../lib/gcc/arm-none-eabi/10.2.1/../../../../arm-none-eabi/lib/thumb/v7e-m/nofp\libg_nano.a(lib_a-findfp.o)
                0x08003fb4                __sf_fake_stdout
 .rodata._vfprintf_r.str1.1
                0x08003fd4       0x11 c:/users/leonard/chipwh~1/cw/home/portable/armgcc/bin/../lib/gcc/arm-none-eabi/10.2.1/../../../../arm-none-eabi/lib/thumb/v7e-m/nofp\libg_nano.a(lib_a-nano-vfprintf.o)
 .rodata._printf_i.str1.1
                0x08003fe5       0x22 c:/users/leonard/chipwh~1/cw/home/portable/armgcc/bin/../lib/gcc/arm-none-eabi/10.2.1/../../../../arm-none-eabi/lib/thumb/v7e-m/nofp\libg_nano.a(lib_a-nano-vfprintf_i.o)
                0x08004008                . = ALIGN (0x4)
 *fill*         0x08004007        0x1 

.rel.dyn        0x08004008        0x0
 .rel.iplt      0x08004008        0x0 c:/users/leonard/chipwh~1/cw/home/portable/armgcc/bin/../lib/gcc/arm-none-eabi/10.2.1/thumb/v7e-m/nofp/crtbegin.o

.ARM.extab      0x08004008        0x0
                0x08004008                . = ALIGN (0x4)
 *(.ARM.extab* .gnu.linkonce.armextab.*)
                0x08004008                . = ALIGN (0x4)

.ARM            0x08004008        0x0
                0x08004008                . = ALIGN (0x4)
                0x08004008                __exidx_start = .
 *(.ARM.exidx*)
                0x08004008                __exidx_end = .
                0x08004008                . = ALIGN (0x4)

.preinit_array  0x08004008        0x0
                0x08004008                . = ALIGN (0x4)
                0x08004008                PROVIDE (__preinit_array_start = .)
 *(.preinit_array*)
                0x08004008                PROVIDE (__preinit_array_end = .)
                0x08004008                . = ALIGN (0x4)

.init_array     0x08004008        0x4
                0x08004008                . = ALIGN (0x4)
                0x08004008                PROVIDE (__init_array_start = .)
 *(SORT_BY_NAME(.init_array.*))
 *(.init_array*)
 .init_array    0x08004008        0x4 c:/users/leonard/chipwh~1/cw/home/portable/armgcc/bin/../lib/gcc/arm-none-eabi/10.2.1/thumb/v7e-m/nofp/crtbegin.o
                0x0800400c                PROVIDE (__init_array_end = .)
                0x0800400c                . = ALIGN (0x4)

.fini_array     0x0800400c        0x4
                0x0800400c                . = ALIGN (0x4)
                [!provide]                PROVIDE (__fini_array_start = .)
 *(SORT_BY_NAME(.fini_array.*))
 *(.fini_array*)
 .fini_array    0x0800400c        0x4 c:/users/leonard/chipwh~1/cw/home/portable/armgcc/bin/../lib/gcc/arm-none-eabi/10.2.1/thumb/v7e-m/nofp/crtbegin.o
                [!provide]                PROVIDE (__fini_array_end = .)
                0x08004010                . = ALIGN (0x4)
                0x08004010                _sidata = LOADADDR (.data)

.data           0x20000000       0x68 load address 0x08004010
                0x20000000                . = ALIGN (0x4)
                0x20000000                _sdata = .
 *(.data)
 *(.data*)
 .data.__fdlib_version
                0x20000000        0x1 c:/users/leonard/chipwh~1/cw/home/portable/armgcc/bin/../lib/gcc/arm-none-eabi/10.2.1/../../../../arm-none-eabi/lib/thumb/v7e-m/nofp\libm.a(lib_a-s_lib_ver.o)
                0x20000000                __fdlib_version
 *fill*         0x20000001        0x3 
 .data._impure_ptr
                0x20000004        0x4 c:/users/leonard/chipwh~1/cw/home/portable/armgcc/bin/../lib/gcc/arm-none-eabi/10.2.1/../../../../arm-none-eabi/lib/thumb/v7e-m/nofp\libg_nano.a(lib_a-impure.o)
                0x20000004                _impure_ptr
 .data.impure_data
                0x20000008       0x60 c:/users/leonard/chipwh~1/cw/home/portable/armgcc/bin/../lib/gcc/arm-none-eabi/10.2.1/../../../../arm-none-eabi/lib/thumb/v7e-m/nofp\libg_nano.a(lib_a-impure.o)
                0x20000068                . = ALIGN (0x4)
                0x20000068                _edata = .

.igot.plt       0x20000068        0x0 load address 0x08004078
 .igot.plt      0x20000068        0x0 c:/users/leonard/chipwh~1/cw/home/portable/armgcc/bin/../lib/gcc/arm-none-eabi/10.2.1/thumb/v7e-m/nofp/crtbegin.o
                0x20000068                . = ALIGN (0x4)

.bss            0x20000068      0x2a4 load address 0x08004078
                0x20000068                _sbss = .
                0x20000068                __bss_start__ = _sbss
 *(.bss)
 .bss           0x20000068       0x1c c:/users/leonard/chipwh~1/cw/home/portable/armgcc/bin/../lib/gcc/arm-none-eabi/10.2.1/thumb/v7e-m/nofp/crtbegin.o
 .bss           0x20000084      0x138 objdir/main.o
                0x20000084                net_config_layer_weights
                0x20000094                net_config_weights
 .bss           0x200001bc       0xc4 objdir/simpleserial.o
 .bss           0x20000280       0x70 objdir/stm32f3_hal.o
                0x20000280                UartHandle
 .bss           0x200002f0        0x8 objdir/stm32f3_hal_lowlevel.o
                0x200002f0                hal_sys_tick
                0x200002f4                uwTick
 .bss           0x200002f8        0x4 objdir/stm32f3_sysmem.o
 *(.bss*)
 .bss.__malloc_free_list
                0x200002fc        0x4 c:/users/leonard/chipwh~1/cw/home/portable/armgcc/bin/../lib/gcc/arm-none-eabi/10.2.1/../../../../arm-none-eabi/lib/thumb/v7e-m/nofp\libg_nano.a(lib_a-nano-mallocr.o)
                0x200002fc                __malloc_free_list
 .bss.__malloc_sbrk_start
                0x20000300        0x4 c:/users/leonard/chipwh~1/cw/home/portable/armgcc/bin/../lib/gcc/arm-none-eabi/10.2.1/../../../../arm-none-eabi/lib/thumb/v7e-m/nofp\libg_nano.a(lib_a-nano-mallocr.o)
                0x20000300                __malloc_sbrk_start
 .bss.__lock___malloc_recursive_mutex
                0x20000304        0x1 c:/users/leonard/chipwh~1/cw/home/portable/armgcc/bin/../lib/gcc/arm-none-eabi/10.2.1/../../../../arm-none-eabi/lib/thumb/v7e-m/nofp\libg_nano.a(lib_a-lock.o)
                0x20000304                __lock___malloc_recursive_mutex
 .bss.__lock___sfp_recursive_mutex
                0x20000305        0x1 c:/users/leonard/chipwh~1/cw/home/portable/armgcc/bin/../lib/gcc/arm-none-eabi/10.2.1/../../../../arm-none-eabi/lib/thumb/v7e-m/nofp\libg_nano.a(lib_a-lock.o)
                0x20000305                __lock___sfp_recursive_mutex
 .bss.__lock___sinit_recursive_mutex
                0x20000306        0x1 c:/users/leonard/chipwh~1/cw/home/portable/armgcc/bin/../lib/gcc/arm-none-eabi/10.2.1/../../../../arm-none-eabi/lib/thumb/v7e-m/nofp\libg_nano.a(lib_a-lock.o)
                0x20000306                __lock___sinit_recursive_mutex
 *fill*         0x20000307        0x1 
 .bss.errno     0x20000308        0x4 c:/users/leonard/chipwh~1/cw/home/portable/armgcc/bin/../lib/gcc/arm-none-eabi/10.2.1/../../../../arm-none-eabi/lib/thumb/v7e-m/nofp\libg_nano.a(lib_a-reent.o)
                0x20000308                errno
 *(COMMON)
                0x2000030c                . = ALIGN (0x4)
                0x2000030c                _ebss = .
                0x2000030c                __bss_end__ = _ebss

._user_heap_stack
                0x2000030c      0x404 load address 0x08004078
                0x20000310                . = ALIGN (0x8)
 *fill*         0x2000030c        0x4 
                0x20000310                PROVIDE (end = .)
                [!provide]                PROVIDE (_end = .)
                0x20000310                . = (. + _Min_Heap_Size)
                0x20000710                . = (. + _Min_Stack_Size)
 *fill*         0x20000310      0x400 
                0x20000710                . = ALIGN (0x8)

/DISCARD/
 libc.a(*)
 libm.a(*)
 libgcc.a(*)

.ARM.attributes
                0x00000000       0x2a
 *(.ARM.attributes)
 .ARM.attributes
                0x00000000       0x1e c:/users/leonard/chipwh~1/cw/home/portable/armgcc/bin/../lib/gcc/arm-none-eabi/10.2.1/thumb/v7e-m/nofp/crti.o
 .ARM.attributes
                0x0000001e       0x2e c:/users/leonard/chipwh~1/cw/home/portable/armgcc/bin/../lib/gcc/arm-none-eabi/10.2.1/thumb/v7e-m/nofp/crtbegin.o
 .ARM.attributes
                0x0000004c       0x2e objdir/main.o
 .ARM.attributes
                0x0000007a       0x2e objdir/network.o
 .ARM.attributes
                0x000000a8       0x2e objdir/simpleserial.o
 .ARM.attributes
                0x000000d6       0x2e objdir/stm32f3_hal.o
 .ARM.attributes
                0x00000104       0x2e objdir/stm32f3_hal_lowlevel.o
 .ARM.attributes
                0x00000132       0x2e objdir/stm32f3_sysmem.o
 .ARM.attributes
                0x00000160       0x21 objdir/stm32f3_startup.o
 .ARM.attributes
                0x00000181       0x2e c:/users/leonard/chipwh~1/cw/home/portable/armgcc/bin/../lib/gcc/arm-none-eabi/10.2.1/../../../../arm-none-eabi/lib/thumb/v7e-m/nofp\libm.a(lib_a-w_exp.o)
 .ARM.attributes
                0x000001af       0x2e c:/users/leonard/chipwh~1/cw/home/portable/armgcc/bin/../lib/gcc/arm-none-eabi/10.2.1/../../../../arm-none-eabi/lib/thumb/v7e-m/nofp\libm.a(lib_a-e_exp.o)
 .ARM.attributes
                0x000001dd       0x2e c:/users/leonard/chipwh~1/cw/home/portable/armgcc/bin/../lib/gcc/arm-none-eabi/10.2.1/../../../../arm-none-eabi/lib/thumb/v7e-m/nofp\libm.a(lib_a-s_finite.o)
 .ARM.attributes
                0x0000020b       0x2e c:/users/leonard/chipwh~1/cw/home/portable/armgcc/bin/../lib/gcc/arm-none-eabi/10.2.1/../../../../arm-none-eabi/lib/thumb/v7e-m/nofp\libm.a(lib_a-s_lib_ver.o)
 .ARM.attributes
                0x00000239       0x1e c:/users/leonard/chipwh~1/cw/home/portable/armgcc/bin/../lib/gcc/arm-none-eabi/10.2.1/thumb/v7e-m/nofp\libgcc.a(_arm_mulsf3.o)
 .ARM.attributes
                0x00000257       0x1e c:/users/leonard/chipwh~1/cw/home/portable/armgcc/bin/../lib/gcc/arm-none-eabi/10.2.1/thumb/v7e-m/nofp\libgcc.a(_arm_addsubdf3.o)
 .ARM.attributes
                0x00000275       0x1e c:/users/leonard/chipwh~1/cw/home/portable/armgcc/bin/../lib/gcc/arm-none-eabi/10.2.1/thumb/v7e-m/nofp\libgcc.a(_arm_muldivdf3.o)
 .ARM.attributes
                0x00000293       0x1e c:/users/leonard/chipwh~1/cw/home/portable/armgcc/bin/../lib/gcc/arm-none-eabi/10.2.1/thumb/v7e-m/nofp\libgcc.a(_arm_cmpdf2.o)
 .ARM.attributes
                0x000002b1       0x1e c:/users/leonard/chipwh~1/cw/home/portable/armgcc/bin/../lib/gcc/arm-none-eabi/10.2.1/thumb/v7e-m/nofp\libgcc.a(_arm_fixdfsi.o)
 .ARM.attributes
                0x000002cf       0x1e c:/users/leonard/chipwh~1/cw/home/portable/armgcc/bin/../lib/gcc/arm-none-eabi/10.2.1/thumb/v7e-m/nofp\libgcc.a(_arm_truncdfsf2.o)
 .ARM.attributes
                0x000002ed       0x1e c:/users/leonard/chipwh~1/cw/home/portable/armgcc/bin/../lib/gcc/arm-none-eabi/10.2.1/thumb/v7e-m/nofp\libgcc.a(_arm_addsubsf3.o)
 .ARM.attributes
                0x0000030b       0x1e c:/users/leonard/chipwh~1/cw/home/portable/armgcc/bin/../lib/gcc/arm-none-eabi/10.2.1/thumb/v7e-m/nofp\libgcc.a(_arm_cmpsf2.o)
 .ARM.attributes
                0x00000329       0x2e c:/users/leonard/chipwh~1/cw/home/portable/armgcc/bin/../lib/gcc/arm-none-eabi/10.2.1/../../../../arm-none-eabi/lib/thumb/v7e-m/nofp\libg_nano.a(lib_a-errno.o)
 .ARM.attributes
                0x00000357       0x2e c:/users/leonard/chipwh~1/cw/home/portable/armgcc/bin/../lib/gcc/arm-none-eabi/10.2.1/../../../../arm-none-eabi/lib/thumb/v7e-m/nofp\libg_nano.a(lib_a-impure.o)
 .ARM.attributes
                0x00000385       0x2e c:/users/leonard/chipwh~1/cw/home/portable/armgcc/bin/../lib/gcc/arm-none-eabi/10.2.1/../../../../arm-none-eabi/lib/thumb/v7e-m/nofp\libg_nano.a(lib_a-init.o)
 .ARM.attributes
                0x000003b3       0x2e c:/users/leonard/chipwh~1/cw/home/portable/armgcc/bin/../lib/gcc/arm-none-eabi/10.2.1/../../../../arm-none-eabi/lib/thumb/v7e-m/nofp\libg_nano.a(lib_a-malloc.o)
 .ARM.attributes
                0x000003e1       0x2e c:/users/leonard/chipwh~1/cw/home/portable/armgcc/bin/../lib/gcc/arm-none-eabi/10.2.1/../../../../arm-none-eabi/lib/thumb/v7e-m/nofp\libg_nano.a(lib_a-memcpy-stub.o)
 .ARM.attributes
                0x0000040f       0x2e c:/users/leonard/chipwh~1/cw/home/portable/armgcc/bin/../lib/gcc/arm-none-eabi/10.2.1/../../../../arm-none-eabi/lib/thumb/v7e-m/nofp\libg_nano.a(lib_a-memset.o)
 .ARM.attributes
                0x0000043d       0x2e c:/users/leonard/chipwh~1/cw/home/portable/armgcc/bin/../lib/gcc/arm-none-eabi/10.2.1/../../../../arm-none-eabi/lib/thumb/v7e-m/nofp\libg_nano.a(lib_a-nano-freer.o)
 .ARM.attributes
                0x0000046b       0x2e c:/users/leonard/chipwh~1/cw/home/portable/armgcc/bin/../lib/gcc/arm-none-eabi/10.2.1/../../../../arm-none-eabi/lib/thumb/v7e-m/nofp\libg_nano.a(lib_a-nano-mallocr.o)
 .ARM.attributes
                0x00000499       0x2e c:/users/leonard/chipwh~1/cw/home/portable/armgcc/bin/../lib/gcc/arm-none-eabi/10.2.1/../../../../arm-none-eabi/lib/thumb/v7e-m/nofp\libg_nano.a(lib_a-rand.o)
 .ARM.attributes
                0x000004c7       0x2e c:/users/leonard/chipwh~1/cw/home/portable/armgcc/bin/../lib/gcc/arm-none-eabi/10.2.1/../../../../arm-none-eabi/lib/thumb/v7e-m/nofp\libg_nano.a(lib_a-sbrkr.o)
 .ARM.attributes
                0x000004f5       0x2e c:/users/leonard/chipwh~1/cw/home/portable/armgcc/bin/../lib/gcc/arm-none-eabi/10.2.1/../../../../arm-none-eabi/lib/thumb/v7e-m/nofp\libg_nano.a(lib_a-time.o)
 .ARM.attributes
                0x00000523       0x2e c:/users/leonard/chipwh~1/cw/home/portable/armgcc/bin/../lib/gcc/arm-none-eabi/10.2.1/../../../../arm-none-eabi/lib/thumb/v7e-m/nofp\libg_nano.a(lib_a-wbuf.o)
 .ARM.attributes
                0x00000551       0x2e c:/users/leonard/chipwh~1/cw/home/portable/armgcc/bin/../lib/gcc/arm-none-eabi/10.2.1/../../../../arm-none-eabi/lib/thumb/v7e-m/nofp\libg_nano.a(lib_a-wsetup.o)
 .ARM.attributes
                0x0000057f       0x2e c:/users/leonard/chipwh~1/cw/home/portable/armgcc/bin/../lib/gcc/arm-none-eabi/10.2.1/../../../../arm-none-eabi/lib/thumb/v7e-m/nofp\libg_nano.a(lib_a-assert.o)
 .ARM.attributes
                0x000005ad       0x2e c:/users/leonard/chipwh~1/cw/home/portable/armgcc/bin/../lib/gcc/arm-none-eabi/10.2.1/../../../../arm-none-eabi/lib/thumb/v7e-m/nofp\libg_nano.a(lib_a-fflush.o)
 .ARM.attributes
                0x000005db       0x2e c:/users/leonard/chipwh~1/cw/home/portable/armgcc/bin/../lib/gcc/arm-none-eabi/10.2.1/../../../../arm-none-eabi/lib/thumb/v7e-m/nofp\libg_nano.a(lib_a-findfp.o)
 .ARM.attributes
                0x00000609       0x2e c:/users/leonard/chipwh~1/cw/home/portable/armgcc/bin/../lib/gcc/arm-none-eabi/10.2.1/../../../../arm-none-eabi/lib/thumb/v7e-m/nofp\libg_nano.a(lib_a-fprintf.o)
 .ARM.attributes
                0x00000637       0x2e c:/users/leonard/chipwh~1/cw/home/portable/armgcc/bin/../lib/gcc/arm-none-eabi/10.2.1/../../../../arm-none-eabi/lib/thumb/v7e-m/nofp\libg_nano.a(lib_a-fwalk.o)
 .ARM.attributes
                0x00000665       0x2e c:/users/leonard/chipwh~1/cw/home/portable/armgcc/bin/../lib/gcc/arm-none-eabi/10.2.1/../../../../arm-none-eabi/lib/thumb/v7e-m/nofp\libg_nano.a(lib_a-gettimeofdayr.o)
 .ARM.attributes
                0x00000693       0x2e c:/users/leonard/chipwh~1/cw/home/portable/armgcc/bin/../lib/gcc/arm-none-eabi/10.2.1/../../../../arm-none-eabi/lib/thumb/v7e-m/nofp\libg_nano.a(lib_a-lock.o)
 .ARM.attributes
                0x000006c1       0x2e c:/users/leonard/chipwh~1/cw/home/portable/armgcc/bin/../lib/gcc/arm-none-eabi/10.2.1/../../../../arm-none-eabi/lib/thumb/v7e-m/nofp\libg_nano.a(lib_a-makebuf.o)
 .ARM.attributes
                0x000006ef       0x2e c:/users/leonard/chipwh~1/cw/home/portable/armgcc/bin/../lib/gcc/arm-none-eabi/10.2.1/../../../../arm-none-eabi/lib/thumb/v7e-m/nofp\libg_nano.a(lib_a-mlock.o)
 .ARM.attributes
                0x0000071d       0x2e c:/users/leonard/chipwh~1/cw/home/portable/armgcc/bin/../lib/gcc/arm-none-eabi/10.2.1/../../../../arm-none-eabi/lib/thumb/v7e-m/nofp\libg_nano.a(lib_a-nano-vfprintf.o)
 .ARM.attributes
                0x0000074b       0x2e c:/users/leonard/chipwh~1/cw/home/portable/armgcc/bin/../lib/gcc/arm-none-eabi/10.2.1/../../../../arm-none-eabi/lib/thumb/v7e-m/nofp\libg_nano.a(lib_a-nano-vfprintf_i.o)
 .ARM.attributes
                0x00000779       0x2e c:/users/leonard/chipwh~1/cw/home/portable/armgcc/bin/../lib/gcc/arm-none-eabi/10.2.1/../../../../arm-none-eabi/lib/thumb/v7e-m/nofp\libg_nano.a(lib_a-reent.o)
 .ARM.attributes
                0x000007a7       0x2e c:/users/leonard/chipwh~1/cw/home/portable/armgcc/bin/../lib/gcc/arm-none-eabi/10.2.1/../../../../arm-none-eabi/lib/thumb/v7e-m/nofp\libg_nano.a(lib_a-stdio.o)
 .ARM.attributes
                0x000007d5       0x2e c:/users/leonard/chipwh~1/cw/home/portable/armgcc/bin/../lib/gcc/arm-none-eabi/10.2.1/../../../../arm-none-eabi/lib/thumb/v7e-m/nofp\libg_nano.a(lib_a-writer.o)
 .ARM.attributes
                0x00000803       0x2e c:/users/leonard/chipwh~1/cw/home/portable/armgcc/bin/../lib/gcc/arm-none-eabi/10.2.1/../../../../arm-none-eabi/lib/thumb/v7e-m/nofp\libg_nano.a(lib_a-abort.o)
 .ARM.attributes
                0x00000831       0x2e c:/users/leonard/chipwh~1/cw/home/portable/armgcc/bin/../lib/gcc/arm-none-eabi/10.2.1/../../../../arm-none-eabi/lib/thumb/v7e-m/nofp\libg_nano.a(lib_a-closer.o)
 .ARM.attributes
                0x0000085f       0x2e c:/users/leonard/chipwh~1/cw/home/portable/armgcc/bin/../lib/gcc/arm-none-eabi/10.2.1/../../../../arm-none-eabi/lib/thumb/v7e-m/nofp\libg_nano.a(lib_a-fstatr.o)
 .ARM.attributes
                0x0000088d       0x2e c:/users/leonard/chipwh~1/cw/home/portable/armgcc/bin/../lib/gcc/arm-none-eabi/10.2.1/../../../../arm-none-eabi/lib/thumb/v7e-m/nofp\libg_nano.a(lib_a-isattyr.o)
 .ARM.attributes
                0x000008bb       0x2e c:/users/leonard/chipwh~1/cw/home/portable/armgcc/bin/../lib/gcc/arm-none-eabi/10.2.1/../../../../arm-none-eabi/lib/thumb/v7e-m/nofp\libg_nano.a(lib_a-lseekr.o)
 .ARM.attributes
                0x000008e9       0x1c c:/users/leonard/chipwh~1/cw/home/portable/armgcc/bin/../lib/gcc/arm-none-eabi/10.2.1/../../../../arm-none-eabi/lib/thumb/v7e-m/nofp\libg_nano.a(lib_a-memchr.o)
 .ARM.attributes
                0x00000905       0x2e c:/users/leonard/chipwh~1/cw/home/portable/armgcc/bin/../lib/gcc/arm-none-eabi/10.2.1/../../../../arm-none-eabi/lib/thumb/v7e-m/nofp\libg_nano.a(lib_a-readr.o)
 .ARM.attributes
                0x00000933       0x2e c:/users/leonard/chipwh~1/cw/home/portable/armgcc/bin/../lib/gcc/arm-none-eabi/10.2.1/../../../../arm-none-eabi/lib/thumb/v7e-m/nofp\libg_nano.a(lib_a-signal.o)
 .ARM.attributes
                0x00000961       0x2e c:/users/leonard/chipwh~1/cw/home/portable/armgcc/bin/../lib/gcc/arm-none-eabi/10.2.1/../../../../arm-none-eabi/lib/thumb/v7e-m/nofp\libg_nano.a(lib_a-signalr.o)
 .ARM.attributes
                0x0000098f       0x2e c:/users/leonard/chipwh~1/cw/home/portable/armgcc/bin/../lib/gcc/arm-none-eabi/10.2.1/../../../../arm-none-eabi/lib/thumb/v7e-m/nofp\libnosys.a(close.o)
 .ARM.attributes
                0x000009bd       0x2e c:/users/leonard/chipwh~1/cw/home/portable/armgcc/bin/../lib/gcc/arm-none-eabi/10.2.1/../../../../arm-none-eabi/lib/thumb/v7e-m/nofp\libnosys.a(fstat.o)
 .ARM.attributes
                0x000009eb       0x2e c:/users/leonard/chipwh~1/cw/home/portable/armgcc/bin/../lib/gcc/arm-none-eabi/10.2.1/../../../../arm-none-eabi/lib/thumb/v7e-m/nofp\libnosys.a(getpid.o)
 .ARM.attributes
                0x00000a19       0x2e c:/users/leonard/chipwh~1/cw/home/portable/armgcc/bin/../lib/gcc/arm-none-eabi/10.2.1/../../../../arm-none-eabi/lib/thumb/v7e-m/nofp\libnosys.a(gettod.o)
 .ARM.attributes
                0x00000a47       0x2e c:/users/leonard/chipwh~1/cw/home/portable/armgcc/bin/../lib/gcc/arm-none-eabi/10.2.1/../../../../arm-none-eabi/lib/thumb/v7e-m/nofp\libnosys.a(isatty.o)
 .ARM.attributes
                0x00000a75       0x2e c:/users/leonard/chipwh~1/cw/home/portable/armgcc/bin/../lib/gcc/arm-none-eabi/10.2.1/../../../../arm-none-eabi/lib/thumb/v7e-m/nofp\libnosys.a(kill.o)
 .ARM.attributes
                0x00000aa3       0x2e c:/users/leonard/chipwh~1/cw/home/portable/armgcc/bin/../lib/gcc/arm-none-eabi/10.2.1/../../../../arm-none-eabi/lib/thumb/v7e-m/nofp\libnosys.a(lseek.o)
 .ARM.attributes
                0x00000ad1       0x2e c:/users/leonard/chipwh~1/cw/home/portable/armgcc/bin/../lib/gcc/arm-none-eabi/10.2.1/../../../../arm-none-eabi/lib/thumb/v7e-m/nofp\libnosys.a(read.o)
 .ARM.attributes
                0x00000aff       0x2e c:/users/leonard/chipwh~1/cw/home/portable/armgcc/bin/../lib/gcc/arm-none-eabi/10.2.1/../../../../arm-none-eabi/lib/thumb/v7e-m/nofp\libnosys.a(write.o)
 .ARM.attributes
                0x00000b2d       0x2e c:/users/leonard/chipwh~1/cw/home/portable/armgcc/bin/../lib/gcc/arm-none-eabi/10.2.1/../../../../arm-none-eabi/lib/thumb/v7e-m/nofp\libnosys.a(_exit.o)
 .ARM.attributes
                0x00000b5b       0x1e c:/users/leonard/chipwh~1/cw/home/portable/armgcc/bin/../lib/gcc/arm-none-eabi/10.2.1/thumb/v7e-m/nofp/crtn.o
OUTPUT(simpleserial-target-CWLITEARM.elf elf32-littlearm)
LOAD linker stubs
LOAD c:/users/leonard/chipwh~1/cw/home/portable/armgcc/bin/../lib/gcc/arm-none-eabi/10.2.1/../../../../arm-none-eabi/lib/thumb/v7e-m/nofp\libc.a
LOAD c:/users/leonard/chipwh~1/cw/home/portable/armgcc/bin/../lib/gcc/arm-none-eabi/10.2.1/../../../../arm-none-eabi/lib/thumb/v7e-m/nofp\libm.a
LOAD c:/users/leonard/chipwh~1/cw/home/portable/armgcc/bin/../lib/gcc/arm-none-eabi/10.2.1/thumb/v7e-m/nofp\libgcc.a

.debug_info     0x00000000     0x55f4
 .debug_info    0x00000000      0x707 objdir/main.o
 .debug_info    0x00000707     0x1178 objdir/network.o
 .debug_info    0x0000187f      0x815 objdir/simpleserial.o
 .debug_info    0x00002094      0xe88 objdir/stm32f3_hal.o
 .debug_info    0x00002f1c     0x25bf objdir/stm32f3_hal_lowlevel.o
 .debug_info    0x000054db      0x119 objdir/stm32f3_sysmem.o

.debug_abbrev   0x00000000      0xf83
 .debug_abbrev  0x00000000      0x1f5 objdir/main.o
 .debug_abbrev  0x000001f5      0x3ac objdir/network.o
 .debug_abbrev  0x000005a1      0x22d objdir/simpleserial.o
 .debug_abbrev  0x000007ce      0x225 objdir/stm32f3_hal.o
 .debug_abbrev  0x000009f3      0x4af objdir/stm32f3_hal_lowlevel.o
 .debug_abbrev  0x00000ea2       0xe1 objdir/stm32f3_sysmem.o

.debug_loc      0x00000000     0x35e7
 .debug_loc     0x00000000      0x21a objdir/main.o
 .debug_loc     0x0000021a     0x1252 objdir/network.o
 .debug_loc     0x0000146c      0x8f2 objdir/simpleserial.o
 .debug_loc     0x00001d5e      0x1a4 objdir/stm32f3_hal.o
 .debug_loc     0x00001f02     0x1671 objdir/stm32f3_hal_lowlevel.o
 .debug_loc     0x00003573       0x74 objdir/stm32f3_sysmem.o

.debug_aranges  0x00000000      0x258
 .debug_aranges
                0x00000000       0x30 objdir/main.o
 .debug_aranges
                0x00000030       0xa8 objdir/network.o
 .debug_aranges
                0x000000d8       0x70 objdir/simpleserial.o
 .debug_aranges
                0x00000148       0x60 objdir/stm32f3_hal.o
 .debug_aranges
                0x000001a8       0x90 objdir/stm32f3_hal_lowlevel.o
 .debug_aranges
                0x00000238       0x20 objdir/stm32f3_sysmem.o

.debug_ranges   0x00000000      0x6b0
 .debug_ranges  0x00000000       0x58 objdir/main.o
 .debug_ranges  0x00000058      0x2a8 objdir/network.o
 .debug_ranges  0x00000300       0xf0 objdir/simpleserial.o
 .debug_ranges  0x000003f0       0xb0 objdir/stm32f3_hal.o
 .debug_ranges  0x000004a0      0x200 objdir/stm32f3_hal_lowlevel.o
 .debug_ranges  0x000006a0       0x10 objdir/stm32f3_sysmem.o

.debug_line     0x00000000     0x3660
 .debug_line    0x00000000      0x3ae objdir/main.o
 .debug_line    0x000003ae     0x1060 objdir/network.o
 .debug_line    0x0000140e      0x660 objdir/simpleserial.o
 .debug_line    0x00001a6e      0x3c5 objdir/stm32f3_hal.o
 .debug_line    0x00001e33     0x1726 objdir/stm32f3_hal_lowlevel.o
 .debug_line    0x00003559      0x107 objdir/stm32f3_sysmem.o

.debug_str      0x00000000     0x16bc
 .debug_str     0x00000000      0x396 objdir/main.o
                                0x416 (size before relaxing)
 .debug_str     0x00000396      0x209 objdir/network.o
                                0x4e4 (size before relaxing)
 .debug_str     0x0000059f      0x11d objdir/simpleserial.o
                                0x381 (size before relaxing)
 .debug_str     0x000006bc      0x6f8 objdir/stm32f3_hal.o
                                0x966 (size before relaxing)
 .debug_str     0x00000db4      0x8b6 objdir/stm32f3_hal_lowlevel.o
                               0x11cb (size before relaxing)
 .debug_str     0x0000166a       0x52 objdir/stm32f3_sysmem.o
                                0x224 (size before relaxing)

.comment        0x00000000       0x4d
 .comment       0x00000000       0x4d objdir/main.o
                                 0x4e (size before relaxing)
 .comment       0x0000004d       0x4e objdir/network.o
 .comment       0x0000004d       0x4e objdir/simpleserial.o
 .comment       0x0000004d       0x4e objdir/stm32f3_hal.o
 .comment       0x0000004d       0x4e objdir/stm32f3_hal_lowlevel.o
 .comment       0x0000004d       0x4e objdir/stm32f3_sysmem.o

.debug_frame    0x00000000     0x16e8
 .debug_frame   0x00000000       0x74 objdir/main.o
 .debug_frame   0x00000074      0x2b0 objdir/network.o
 .debug_frame   0x00000324      0x154 objdir/simpleserial.o
 .debug_frame   0x00000478       0xec objdir/stm32f3_hal.o
 .debug_frame   0x00000564      0x1d4 objdir/stm32f3_hal_lowlevel.o
 .debug_frame   0x00000738       0x28 objdir/stm32f3_sysmem.o
 .debug_frame   0x00000760       0x30 c:/users/leonard/chipwh~1/cw/home/portable/armgcc/bin/../lib/gcc/arm-none-eabi/10.2.1/../../../../arm-none-eabi/lib/thumb/v7e-m/nofp\libm.a(lib_a-w_exp.o)
 .debug_frame   0x00000790       0x58 c:/users/leonard/chipwh~1/cw/home/portable/armgcc/bin/../lib/gcc/arm-none-eabi/10.2.1/../../../../arm-none-eabi/lib/thumb/v7e-m/nofp\libm.a(lib_a-e_exp.o)
 .debug_frame   0x000007e8       0x20 c:/users/leonard/chipwh~1/cw/home/portable/armgcc/bin/../lib/gcc/arm-none-eabi/10.2.1/../../../../arm-none-eabi/lib/thumb/v7e-m/nofp\libm.a(lib_a-s_finite.o)
 .debug_frame   0x00000808       0x24 c:/users/leonard/chipwh~1/cw/home/portable/armgcc/bin/../lib/gcc/arm-none-eabi/10.2.1/thumb/v7e-m/nofp\libgcc.a(_arm_mulsf3.o)
 .debug_frame   0x0000082c       0xac c:/users/leonard/chipwh~1/cw/home/portable/armgcc/bin/../lib/gcc/arm-none-eabi/10.2.1/thumb/v7e-m/nofp\libgcc.a(_arm_addsubdf3.o)
 .debug_frame   0x000008d8       0x50 c:/users/leonard/chipwh~1/cw/home/portable/armgcc/bin/../lib/gcc/arm-none-eabi/10.2.1/thumb/v7e-m/nofp\libgcc.a(_arm_muldivdf3.o)
 .debug_frame   0x00000928       0xc4 c:/users/leonard/chipwh~1/cw/home/portable/armgcc/bin/../lib/gcc/arm-none-eabi/10.2.1/thumb/v7e-m/nofp\libgcc.a(_arm_cmpdf2.o)
 .debug_frame   0x000009ec       0x24 c:/users/leonard/chipwh~1/cw/home/portable/armgcc/bin/../lib/gcc/arm-none-eabi/10.2.1/thumb/v7e-m/nofp\libgcc.a(_arm_fixdfsi.o)
 .debug_frame   0x00000a10       0x24 c:/users/leonard/chipwh~1/cw/home/portable/armgcc/bin/../lib/gcc/arm-none-eabi/10.2.1/thumb/v7e-m/nofp\libgcc.a(_arm_truncdfsf2.o)
 .debug_frame   0x00000a34       0x4c c:/users/leonard/chipwh~1/cw/home/portable/armgcc/bin/../lib/gcc/arm-none-eabi/10.2.1/thumb/v7e-m/nofp\libgcc.a(_arm_addsubsf3.o)
 .debug_frame   0x00000a80       0xc8 c:/users/leonard/chipwh~1/cw/home/portable/armgcc/bin/../lib/gcc/arm-none-eabi/10.2.1/thumb/v7e-m/nofp\libgcc.a(_arm_cmpsf2.o)
 .debug_frame   0x00000b48       0x20 c:/users/leonard/chipwh~1/cw/home/portable/armgcc/bin/../lib/gcc/arm-none-eabi/10.2.1/../../../../arm-none-eabi/lib/thumb/v7e-m/nofp\libg_nano.a(lib_a-errno.o)
 .debug_frame   0x00000b68       0x2c c:/users/leonard/chipwh~1/cw/home/portable/armgcc/bin/../lib/gcc/arm-none-eabi/10.2.1/../../../../arm-none-eabi/lib/thumb/v7e-m/nofp\libg_nano.a(lib_a-init.o)
 .debug_frame   0x00000b94       0x30 c:/users/leonard/chipwh~1/cw/home/portable/armgcc/bin/../lib/gcc/arm-none-eabi/10.2.1/../../../../arm-none-eabi/lib/thumb/v7e-m/nofp\libg_nano.a(lib_a-malloc.o)
 .debug_frame   0x00000bc4       0x28 c:/users/leonard/chipwh~1/cw/home/portable/armgcc/bin/../lib/gcc/arm-none-eabi/10.2.1/../../../../arm-none-eabi/lib/thumb/v7e-m/nofp\libg_nano.a(lib_a-memcpy-stub.o)
 .debug_frame   0x00000bec       0x20 c:/users/leonard/chipwh~1/cw/home/portable/armgcc/bin/../lib/gcc/arm-none-eabi/10.2.1/../../../../arm-none-eabi/lib/thumb/v7e-m/nofp\libg_nano.a(lib_a-memset.o)
 .debug_frame   0x00000c0c       0x38 c:/users/leonard/chipwh~1/cw/home/portable/armgcc/bin/../lib/gcc/arm-none-eabi/10.2.1/../../../../arm-none-eabi/lib/thumb/v7e-m/nofp\libg_nano.a(lib_a-nano-freer.o)
 .debug_frame   0x00000c44       0x30 c:/users/leonard/chipwh~1/cw/home/portable/armgcc/bin/../lib/gcc/arm-none-eabi/10.2.1/../../../../arm-none-eabi/lib/thumb/v7e-m/nofp\libg_nano.a(lib_a-nano-mallocr.o)
 .debug_frame   0x00000c74       0x44 c:/users/leonard/chipwh~1/cw/home/portable/armgcc/bin/../lib/gcc/arm-none-eabi/10.2.1/../../../../arm-none-eabi/lib/thumb/v7e-m/nofp\libg_nano.a(lib_a-rand.o)
 .debug_frame   0x00000cb8       0x2c c:/users/leonard/chipwh~1/cw/home/portable/armgcc/bin/../lib/gcc/arm-none-eabi/10.2.1/../../../../arm-none-eabi/lib/thumb/v7e-m/nofp\libg_nano.a(lib_a-sbrkr.o)
 .debug_frame   0x00000ce4       0x2c c:/users/leonard/chipwh~1/cw/home/portable/armgcc/bin/../lib/gcc/arm-none-eabi/10.2.1/../../../../arm-none-eabi/lib/thumb/v7e-m/nofp\libg_nano.a(lib_a-time.o)
 .debug_frame   0x00000d10       0x40 c:/users/leonard/chipwh~1/cw/home/portable/armgcc/bin/../lib/gcc/arm-none-eabi/10.2.1/../../../../arm-none-eabi/lib/thumb/v7e-m/nofp\libg_nano.a(lib_a-wbuf.o)
 .debug_frame   0x00000d50       0x2c c:/users/leonard/chipwh~1/cw/home/portable/armgcc/bin/../lib/gcc/arm-none-eabi/10.2.1/../../../../arm-none-eabi/lib/thumb/v7e-m/nofp\libg_nano.a(lib_a-wsetup.o)
 .debug_frame   0x00000d7c       0x40 c:/users/leonard/chipwh~1/cw/home/portable/armgcc/bin/../lib/gcc/arm-none-eabi/10.2.1/../../../../arm-none-eabi/lib/thumb/v7e-m/nofp\libg_nano.a(lib_a-assert.o)
 .debug_frame   0x00000dbc       0x5c c:/users/leonard/chipwh~1/cw/home/portable/armgcc/bin/../lib/gcc/arm-none-eabi/10.2.1/../../../../arm-none-eabi/lib/thumb/v7e-m/nofp\libg_nano.a(lib_a-fflush.o)
 .debug_frame   0x00000e18      0x14c c:/users/leonard/chipwh~1/cw/home/portable/armgcc/bin/../lib/gcc/arm-none-eabi/10.2.1/../../../../arm-none-eabi/lib/thumb/v7e-m/nofp\libg_nano.a(lib_a-findfp.o)
 .debug_frame   0x00000f64       0x64 c:/users/leonard/chipwh~1/cw/home/portable/armgcc/bin/../lib/gcc/arm-none-eabi/10.2.1/../../../../arm-none-eabi/lib/thumb/v7e-m/nofp\libg_nano.a(lib_a-fprintf.o)
 .debug_frame   0x00000fc8       0x54 c:/users/leonard/chipwh~1/cw/home/portable/armgcc/bin/../lib/gcc/arm-none-eabi/10.2.1/../../../../arm-none-eabi/lib/thumb/v7e-m/nofp\libg_nano.a(lib_a-fwalk.o)
 .debug_frame   0x0000101c       0x2c c:/users/leonard/chipwh~1/cw/home/portable/armgcc/bin/../lib/gcc/arm-none-eabi/10.2.1/../../../../arm-none-eabi/lib/thumb/v7e-m/nofp\libg_nano.a(lib_a-gettimeofdayr.o)
 .debug_frame   0x00001048       0xb0 c:/users/leonard/chipwh~1/cw/home/portable/armgcc/bin/../lib/gcc/arm-none-eabi/10.2.1/../../../../arm-none-eabi/lib/thumb/v7e-m/nofp\libg_nano.a(lib_a-lock.o)
 .debug_frame   0x000010f8       0x58 c:/users/leonard/chipwh~1/cw/home/portable/armgcc/bin/../lib/gcc/arm-none-eabi/10.2.1/../../../../arm-none-eabi/lib/thumb/v7e-m/nofp\libg_nano.a(lib_a-makebuf.o)
 .debug_frame   0x00001150       0x30 c:/users/leonard/chipwh~1/cw/home/portable/armgcc/bin/../lib/gcc/arm-none-eabi/10.2.1/../../../../arm-none-eabi/lib/thumb/v7e-m/nofp\libg_nano.a(lib_a-mlock.o)
 .debug_frame   0x00001180       0xac c:/users/leonard/chipwh~1/cw/home/portable/armgcc/bin/../lib/gcc/arm-none-eabi/10.2.1/../../../../arm-none-eabi/lib/thumb/v7e-m/nofp\libg_nano.a(lib_a-nano-vfprintf.o)
 .debug_frame   0x0000122c       0x60 c:/users/leonard/chipwh~1/cw/home/portable/armgcc/bin/../lib/gcc/arm-none-eabi/10.2.1/../../../../arm-none-eabi/lib/thumb/v7e-m/nofp\libg_nano.a(lib_a-nano-vfprintf_i.o)
 .debug_frame   0x0000128c       0x5c c:/users/leonard/chipwh~1/cw/home/portable/armgcc/bin/../lib/gcc/arm-none-eabi/10.2.1/../../../../arm-none-eabi/lib/thumb/v7e-m/nofp\libg_nano.a(lib_a-reent.o)
 .debug_frame   0x000012e8       0x88 c:/users/leonard/chipwh~1/cw/home/portable/armgcc/bin/../lib/gcc/arm-none-eabi/10.2.1/../../../../arm-none-eabi/lib/thumb/v7e-m/nofp\libg_nano.a(lib_a-stdio.o)
 .debug_frame   0x00001370       0x2c c:/users/leonard/chipwh~1/cw/home/portable/armgcc/bin/../lib/gcc/arm-none-eabi/10.2.1/../../../../arm-none-eabi/lib/thumb/v7e-m/nofp\libg_nano.a(lib_a-writer.o)
 .debug_frame   0x0000139c       0x28 c:/users/leonard/chipwh~1/cw/home/portable/armgcc/bin/../lib/gcc/arm-none-eabi/10.2.1/../../../../arm-none-eabi/lib/thumb/v7e-m/nofp\libg_nano.a(lib_a-abort.o)
 .debug_frame   0x000013c4       0x2c c:/users/leonard/chipwh~1/cw/home/portable/armgcc/bin/../lib/gcc/arm-none-eabi/10.2.1/../../../../arm-none-eabi/lib/thumb/v7e-m/nofp\libg_nano.a(lib_a-closer.o)
 .debug_frame   0x000013f0       0x2c c:/users/leonard/chipwh~1/cw/home/portable/armgcc/bin/../lib/gcc/arm-none-eabi/10.2.1/../../../../arm-none-eabi/lib/thumb/v7e-m/nofp\libg_nano.a(lib_a-fstatr.o)
 .debug_frame   0x0000141c       0x2c c:/users/leonard/chipwh~1/cw/home/portable/armgcc/bin/../lib/gcc/arm-none-eabi/10.2.1/../../../../arm-none-eabi/lib/thumb/v7e-m/nofp\libg_nano.a(lib_a-isattyr.o)
 .debug_frame   0x00001448       0x2c c:/users/leonard/chipwh~1/cw/home/portable/armgcc/bin/../lib/gcc/arm-none-eabi/10.2.1/../../../../arm-none-eabi/lib/thumb/v7e-m/nofp\libg_nano.a(lib_a-lseekr.o)
 .debug_frame   0x00001474       0x2c c:/users/leonard/chipwh~1/cw/home/portable/armgcc/bin/../lib/gcc/arm-none-eabi/10.2.1/../../../../arm-none-eabi/lib/thumb/v7e-m/nofp\libg_nano.a(lib_a-readr.o)
 .debug_frame   0x000014a0       0xcc c:/users/leonard/chipwh~1/cw/home/portable/armgcc/bin/../lib/gcc/arm-none-eabi/10.2.1/../../../../arm-none-eabi/lib/thumb/v7e-m/nofp\libg_nano.a(lib_a-signal.o)
 .debug_frame   0x0000156c       0x3c c:/users/leonard/chipwh~1/cw/home/portable/armgcc/bin/../lib/gcc/arm-none-eabi/10.2.1/../../../../arm-none-eabi/lib/thumb/v7e-m/nofp\libg_nano.a(lib_a-signalr.o)
 .debug_frame   0x000015a8       0x20 c:/users/leonard/chipwh~1/cw/home/portable/armgcc/bin/../lib/gcc/arm-none-eabi/10.2.1/../../../../arm-none-eabi/lib/thumb/v7e-m/nofp\libnosys.a(close.o)
 .debug_frame   0x000015c8       0x20 c:/users/leonard/chipwh~1/cw/home/portable/armgcc/bin/../lib/gcc/arm-none-eabi/10.2.1/../../../../arm-none-eabi/lib/thumb/v7e-m/nofp\libnosys.a(fstat.o)
 .debug_frame   0x000015e8       0x20 c:/users/leonard/chipwh~1/cw/home/portable/armgcc/bin/../lib/gcc/arm-none-eabi/10.2.1/../../../../arm-none-eabi/lib/thumb/v7e-m/nofp\libnosys.a(getpid.o)
 .debug_frame   0x00001608       0x20 c:/users/leonard/chipwh~1/cw/home/portable/armgcc/bin/../lib/gcc/arm-none-eabi/10.2.1/../../../../arm-none-eabi/lib/thumb/v7e-m/nofp\libnosys.a(gettod.o)
 .debug_frame   0x00001628       0x20 c:/users/leonard/chipwh~1/cw/home/portable/armgcc/bin/../lib/gcc/arm-none-eabi/10.2.1/../../../../arm-none-eabi/lib/thumb/v7e-m/nofp\libnosys.a(isatty.o)
 .debug_frame   0x00001648       0x20 c:/users/leonard/chipwh~1/cw/home/portable/armgcc/bin/../lib/gcc/arm-none-eabi/10.2.1/../../../../arm-none-eabi/lib/thumb/v7e-m/nofp\libnosys.a(kill.o)
 .debug_frame   0x00001668       0x20 c:/users/leonard/chipwh~1/cw/home/portable/armgcc/bin/../lib/gcc/arm-none-eabi/10.2.1/../../../../arm-none-eabi/lib/thumb/v7e-m/nofp\libnosys.a(lseek.o)
 .debug_frame   0x00001688       0x20 c:/users/leonard/chipwh~1/cw/home/portable/armgcc/bin/../lib/gcc/arm-none-eabi/10.2.1/../../../../arm-none-eabi/lib/thumb/v7e-m/nofp\libnosys.a(read.o)
 .debug_frame   0x000016a8       0x20 c:/users/leonard/chipwh~1/cw/home/portable/armgcc/bin/../lib/gcc/arm-none-eabi/10.2.1/../../../../arm-none-eabi/lib/thumb/v7e-m/nofp\libnosys.a(write.o)
 .debug_frame   0x000016c8       0x20 c:/users/leonard/chipwh~1/cw/home/portable/armgcc/bin/../lib/gcc/arm-none-eabi/10.2.1/../../../../arm-none-eabi/lib/thumb/v7e-m/nofp\libnosys.a(_exit.o)

.stab           0x00000000      0x21c
 .stab          0x00000000      0x144 objdir/stm32f3_startup.o
 .stab          0x00000144       0x18 c:/users/leonard/chipwh~1/cw/home/portable/armgcc/bin/../lib/gcc/arm-none-eabi/10.2.1/../../../../arm-none-eabi/lib/thumb/v7e-m/nofp\libnosys.a(close.o)
                                 0x24 (size before relaxing)
 .stab          0x0000015c       0x18 c:/users/leonard/chipwh~1/cw/home/portable/armgcc/bin/../lib/gcc/arm-none-eabi/10.2.1/../../../../arm-none-eabi/lib/thumb/v7e-m/nofp\libnosys.a(fstat.o)
                                 0x24 (size before relaxing)
 .stab          0x00000174       0x18 c:/users/leonard/chipwh~1/cw/home/portable/armgcc/bin/../lib/gcc/arm-none-eabi/10.2.1/../../../../arm-none-eabi/lib/thumb/v7e-m/nofp\libnosys.a(getpid.o)
                                 0x24 (size before relaxing)
 .stab          0x0000018c       0x18 c:/users/leonard/chipwh~1/cw/home/portable/armgcc/bin/../lib/gcc/arm-none-eabi/10.2.1/../../../../arm-none-eabi/lib/thumb/v7e-m/nofp\libnosys.a(gettod.o)
                                 0x24 (size before relaxing)
 .stab          0x000001a4       0x18 c:/users/leonard/chipwh~1/cw/home/portable/armgcc/bin/../lib/gcc/arm-none-eabi/10.2.1/../../../../arm-none-eabi/lib/thumb/v7e-m/nofp\libnosys.a(isatty.o)
                                 0x24 (size before relaxing)
 .stab          0x000001bc       0x18 c:/users/leonard/chipwh~1/cw/home/portable/armgcc/bin/../lib/gcc/arm-none-eabi/10.2.1/../../../../arm-none-eabi/lib/thumb/v7e-m/nofp\libnosys.a(kill.o)
                                 0x24 (size before relaxing)
 .stab          0x000001d4       0x18 c:/users/leonard/chipwh~1/cw/home/portable/armgcc/bin/../lib/gcc/arm-none-eabi/10.2.1/../../../../arm-none-eabi/lib/thumb/v7e-m/nofp\libnosys.a(lseek.o)
                                 0x24 (size before relaxing)
 .stab          0x000001ec       0x18 c:/users/leonard/chipwh~1/cw/home/portable/armgcc/bin/../lib/gcc/arm-none-eabi/10.2.1/../../../../arm-none-eabi/lib/thumb/v7e-m/nofp\libnosys.a(read.o)
                                 0x24 (size before relaxing)
 .stab          0x00000204       0x18 c:/users/leonard/chipwh~1/cw/home/portable/armgcc/bin/../lib/gcc/arm-none-eabi/10.2.1/../../../../arm-none-eabi/lib/thumb/v7e-m/nofp\libnosys.a(write.o)
                                 0x24 (size before relaxing)

.stabstr        0x00000000      0x244
 .stabstr       0x00000000      0x244 objdir/stm32f3_startup.o

Cross Reference Table

Symbol                                            File
BusFault_Handler                                  objdir/stm32f3_startup.o
DebugMon_Handler                                  objdir/stm32f3_startup.o
Default_Handler                                   objdir/stm32f3_startup.o
HAL_GPIO_Init                                     objdir/stm32f3_hal_lowlevel.o
                                                  objdir/stm32f3_hal.o
HAL_GPIO_WritePin                                 objdir/stm32f3_hal_lowlevel.o
                                                  objdir/stm32f3_hal.o
HAL_GetTick                                       objdir/stm32f3_hal_lowlevel.o
HAL_IncTick                                       objdir/stm32f3_hal_lowlevel.o
HAL_InitTick                                      objdir/stm32f3_hal_lowlevel.o
HAL_NVIC_SetPriority                              objdir/stm32f3_hal_lowlevel.o
HAL_RCC_ClockConfig                               objdir/stm32f3_hal_lowlevel.o
                                                  objdir/stm32f3_hal.o
HAL_RCC_GetPCLK1Freq                              objdir/stm32f3_hal_lowlevel.o
HAL_RCC_GetPCLK2Freq                              objdir/stm32f3_hal_lowlevel.o
HAL_RCC_GetSysClockFreq                           objdir/stm32f3_hal_lowlevel.o
HAL_RCC_OscConfig                                 objdir/stm32f3_hal_lowlevel.o
                                                  objdir/stm32f3_hal.o
HAL_UART_Init                                     objdir/stm32f3_hal_lowlevel.o
                                                  objdir/stm32f3_hal.o
HAL_UART_Receive                                  objdir/stm32f3_hal_lowlevel.o
                                                  objdir/stm32f3_hal.o
HAL_UART_Transmit                                 objdir/stm32f3_hal_lowlevel.o
                                                  objdir/stm32f3_hal.o
HardFault_Handler                                 objdir/stm32f3_startup.o
MemManage_Handler                                 objdir/stm32f3_startup.o
NMI_Handler                                       objdir/stm32f3_startup.o
PendSV_Handler                                    objdir/stm32f3_startup.o
Reset_Handler                                     objdir/stm32f3_startup.o
SVC_Handler                                       objdir/stm32f3_startup.o
SysTick_Handler                                   objdir/stm32f3_startup.o
SystemCoreClock                                   objdir/stm32f3_hal_lowlevel.o
SystemInit                                        objdir/stm32f3_startup.o
UART_CheckIdleState                               objdir/stm32f3_hal_lowlevel.o
UART_SetConfig                                    objdir/stm32f3_hal_lowlevel.o
UART_WaitOnFlagUntilTimeout                       objdir/stm32f3_hal_lowlevel.o
UartHandle                                        objdir/stm32f3_hal.o
UsageFault_Handler                                objdir/stm32f3_startup.o
__adddf3                                          c:/users/leonard/chipwh~1/cw/home/portable/armgcc/bin/../lib/gcc/arm-none-eabi/10.2.1/thumb/v7e-m/nofp\libgcc.a(_arm_addsubdf3.o)
__addsf3                                          c:/users/leonard/chipwh~1/cw/home/portable/armgcc/bin/../lib/gcc/arm-none-eabi/10.2.1/thumb/v7e-m/nofp\libgcc.a(_arm_addsubsf3.o)
__aeabi_cdcmpeq                                   c:/users/leonard/chipwh~1/cw/home/portable/armgcc/bin/../lib/gcc/arm-none-eabi/10.2.1/thumb/v7e-m/nofp\libgcc.a(_arm_cmpdf2.o)
__aeabi_cdcmple                                   c:/users/leonard/chipwh~1/cw/home/portable/armgcc/bin/../lib/gcc/arm-none-eabi/10.2.1/thumb/v7e-m/nofp\libgcc.a(_arm_cmpdf2.o)
__aeabi_cdrcmple                                  c:/users/leonard/chipwh~1/cw/home/portable/armgcc/bin/../lib/gcc/arm-none-eabi/10.2.1/thumb/v7e-m/nofp\libgcc.a(_arm_cmpdf2.o)
__aeabi_cfcmpeq                                   c:/users/leonard/chipwh~1/cw/home/portable/armgcc/bin/../lib/gcc/arm-none-eabi/10.2.1/thumb/v7e-m/nofp\libgcc.a(_arm_cmpsf2.o)
__aeabi_cfcmple                                   c:/users/leonard/chipwh~1/cw/home/portable/armgcc/bin/../lib/gcc/arm-none-eabi/10.2.1/thumb/v7e-m/nofp\libgcc.a(_arm_cmpsf2.o)
__aeabi_cfrcmple                                  c:/users/leonard/chipwh~1/cw/home/portable/armgcc/bin/../lib/gcc/arm-none-eabi/10.2.1/thumb/v7e-m/nofp\libgcc.a(_arm_cmpsf2.o)
__aeabi_d2f                                       c:/users/leonard/chipwh~1/cw/home/portable/armgcc/bin/../lib/gcc/arm-none-eabi/10.2.1/thumb/v7e-m/nofp\libgcc.a(_arm_truncdfsf2.o)
                                                  objdir/network.o
__aeabi_d2iz                                      c:/users/leonard/chipwh~1/cw/home/portable/armgcc/bin/../lib/gcc/arm-none-eabi/10.2.1/thumb/v7e-m/nofp\libgcc.a(_arm_fixdfsi.o)
                                                  c:/users/leonard/chipwh~1/cw/home/portable/armgcc/bin/../lib/gcc/arm-none-eabi/10.2.1/../../../../arm-none-eabi/lib/thumb/v7e-m/nofp\libm.a(lib_a-e_exp.o)
__aeabi_dadd                                      c:/users/leonard/chipwh~1/cw/home/portable/armgcc/bin/../lib/gcc/arm-none-eabi/10.2.1/thumb/v7e-m/nofp\libgcc.a(_arm_addsubdf3.o)
                                                  c:/users/leonard/chipwh~1/cw/home/portable/armgcc/bin/../lib/gcc/arm-none-eabi/10.2.1/../../../../arm-none-eabi/lib/thumb/v7e-m/nofp\libm.a(lib_a-e_exp.o)
                                                  objdir/network.o
__aeabi_dcmpeq                                    c:/users/leonard/chipwh~1/cw/home/portable/armgcc/bin/../lib/gcc/arm-none-eabi/10.2.1/thumb/v7e-m/nofp\libgcc.a(_arm_cmpdf2.o)
__aeabi_dcmpge                                    c:/users/leonard/chipwh~1/cw/home/portable/armgcc/bin/../lib/gcc/arm-none-eabi/10.2.1/thumb/v7e-m/nofp\libgcc.a(_arm_cmpdf2.o)
__aeabi_dcmpgt                                    c:/users/leonard/chipwh~1/cw/home/portable/armgcc/bin/../lib/gcc/arm-none-eabi/10.2.1/thumb/v7e-m/nofp\libgcc.a(_arm_cmpdf2.o)
                                                  c:/users/leonard/chipwh~1/cw/home/portable/armgcc/bin/../lib/gcc/arm-none-eabi/10.2.1/../../../../arm-none-eabi/lib/thumb/v7e-m/nofp\libm.a(lib_a-e_exp.o)
                                                  c:/users/leonard/chipwh~1/cw/home/portable/armgcc/bin/../lib/gcc/arm-none-eabi/10.2.1/../../../../arm-none-eabi/lib/thumb/v7e-m/nofp\libm.a(lib_a-w_exp.o)
__aeabi_dcmple                                    c:/users/leonard/chipwh~1/cw/home/portable/armgcc/bin/../lib/gcc/arm-none-eabi/10.2.1/thumb/v7e-m/nofp\libgcc.a(_arm_cmpdf2.o)
__aeabi_dcmplt                                    c:/users/leonard/chipwh~1/cw/home/portable/armgcc/bin/../lib/gcc/arm-none-eabi/10.2.1/thumb/v7e-m/nofp\libgcc.a(_arm_cmpdf2.o)
                                                  c:/users/leonard/chipwh~1/cw/home/portable/armgcc/bin/../lib/gcc/arm-none-eabi/10.2.1/../../../../arm-none-eabi/lib/thumb/v7e-m/nofp\libm.a(lib_a-e_exp.o)
                                                  c:/users/leonard/chipwh~1/cw/home/portable/armgcc/bin/../lib/gcc/arm-none-eabi/10.2.1/../../../../arm-none-eabi/lib/thumb/v7e-m/nofp\libm.a(lib_a-w_exp.o)
__aeabi_ddiv                                      c:/users/leonard/chipwh~1/cw/home/portable/armgcc/bin/../lib/gcc/arm-none-eabi/10.2.1/thumb/v7e-m/nofp\libgcc.a(_arm_muldivdf3.o)
                                                  c:/users/leonard/chipwh~1/cw/home/portable/armgcc/bin/../lib/gcc/arm-none-eabi/10.2.1/../../../../arm-none-eabi/lib/thumb/v7e-m/nofp\libm.a(lib_a-e_exp.o)
                                                  objdir/network.o
__aeabi_dmul                                      c:/users/leonard/chipwh~1/cw/home/portable/armgcc/bin/../lib/gcc/arm-none-eabi/10.2.1/thumb/v7e-m/nofp\libgcc.a(_arm_muldivdf3.o)
                                                  c:/users/leonard/chipwh~1/cw/home/portable/armgcc/bin/../lib/gcc/arm-none-eabi/10.2.1/thumb/v7e-m/nofp\libgcc.a(_arm_muldf3.o)
                                                  c:/users/leonard/chipwh~1/cw/home/portable/armgcc/bin/../lib/gcc/arm-none-eabi/10.2.1/../../../../arm-none-eabi/lib/thumb/v7e-m/nofp\libm.a(lib_a-e_exp.o)
__aeabi_drsub                                     c:/users/leonard/chipwh~1/cw/home/portable/armgcc/bin/../lib/gcc/arm-none-eabi/10.2.1/thumb/v7e-m/nofp\libgcc.a(_arm_addsubdf3.o)
__aeabi_dsub                                      c:/users/leonard/chipwh~1/cw/home/portable/armgcc/bin/../lib/gcc/arm-none-eabi/10.2.1/thumb/v7e-m/nofp\libgcc.a(_arm_addsubdf3.o)
                                                  c:/users/leonard/chipwh~1/cw/home/portable/armgcc/bin/../lib/gcc/arm-none-eabi/10.2.1/../../../../arm-none-eabi/lib/thumb/v7e-m/nofp\libm.a(lib_a-e_exp.o)
__aeabi_f2d                                       c:/users/leonard/chipwh~1/cw/home/portable/armgcc/bin/../lib/gcc/arm-none-eabi/10.2.1/thumb/v7e-m/nofp\libgcc.a(_arm_addsubdf3.o)
                                                  objdir/network.o
__aeabi_fadd                                      c:/users/leonard/chipwh~1/cw/home/portable/armgcc/bin/../lib/gcc/arm-none-eabi/10.2.1/thumb/v7e-m/nofp\libgcc.a(_arm_addsubsf3.o)
                                                  objdir/network.o
__aeabi_fcmpeq                                    c:/users/leonard/chipwh~1/cw/home/portable/armgcc/bin/../lib/gcc/arm-none-eabi/10.2.1/thumb/v7e-m/nofp\libgcc.a(_arm_cmpsf2.o)
__aeabi_fcmpge                                    c:/users/leonard/chipwh~1/cw/home/portable/armgcc/bin/../lib/gcc/arm-none-eabi/10.2.1/thumb/v7e-m/nofp\libgcc.a(_arm_cmpsf2.o)
__aeabi_fcmpgt                                    c:/users/leonard/chipwh~1/cw/home/portable/armgcc/bin/../lib/gcc/arm-none-eabi/10.2.1/thumb/v7e-m/nofp\libgcc.a(_arm_cmpsf2.o)
__aeabi_fcmple                                    c:/users/leonard/chipwh~1/cw/home/portable/armgcc/bin/../lib/gcc/arm-none-eabi/10.2.1/thumb/v7e-m/nofp\libgcc.a(_arm_cmpsf2.o)
__aeabi_fcmplt                                    c:/users/leonard/chipwh~1/cw/home/portable/armgcc/bin/../lib/gcc/arm-none-eabi/10.2.1/thumb/v7e-m/nofp\libgcc.a(_arm_cmpsf2.o)
                                                  objdir/network.o
__aeabi_fmul                                      c:/users/leonard/chipwh~1/cw/home/portable/armgcc/bin/../lib/gcc/arm-none-eabi/10.2.1/thumb/v7e-m/nofp\libgcc.a(_arm_mulsf3.o)
                                                  objdir/network.o
__aeabi_frsub                                     c:/users/leonard/chipwh~1/cw/home/portable/armgcc/bin/../lib/gcc/arm-none-eabi/10.2.1/thumb/v7e-m/nofp\libgcc.a(_arm_addsubsf3.o)
__aeabi_fsub                                      c:/users/leonard/chipwh~1/cw/home/portable/armgcc/bin/../lib/gcc/arm-none-eabi/10.2.1/thumb/v7e-m/nofp\libgcc.a(_arm_addsubsf3.o)
__aeabi_i2d                                       c:/users/leonard/chipwh~1/cw/home/portable/armgcc/bin/../lib/gcc/arm-none-eabi/10.2.1/thumb/v7e-m/nofp\libgcc.a(_arm_addsubdf3.o)
                                                  c:/users/leonard/chipwh~1/cw/home/portable/armgcc/bin/../lib/gcc/arm-none-eabi/10.2.1/../../../../arm-none-eabi/lib/thumb/v7e-m/nofp\libm.a(lib_a-e_exp.o)
__aeabi_i2f                                       c:/users/leonard/chipwh~1/cw/home/portable/armgcc/bin/../lib/gcc/arm-none-eabi/10.2.1/thumb/v7e-m/nofp\libgcc.a(_arm_addsubsf3.o)
__aeabi_l2d                                       c:/users/leonard/chipwh~1/cw/home/portable/armgcc/bin/../lib/gcc/arm-none-eabi/10.2.1/thumb/v7e-m/nofp\libgcc.a(_arm_addsubdf3.o)
__aeabi_l2f                                       c:/users/leonard/chipwh~1/cw/home/portable/armgcc/bin/../lib/gcc/arm-none-eabi/10.2.1/thumb/v7e-m/nofp\libgcc.a(_arm_addsubsf3.o)
__aeabi_ui2d                                      c:/users/leonard/chipwh~1/cw/home/portable/armgcc/bin/../lib/gcc/arm-none-eabi/10.2.1/thumb/v7e-m/nofp\libgcc.a(_arm_addsubdf3.o)
__aeabi_ui2f                                      c:/users/leonard/chipwh~1/cw/home/portable/armgcc/bin/../lib/gcc/arm-none-eabi/10.2.1/thumb/v7e-m/nofp\libgcc.a(_arm_addsubsf3.o)
__aeabi_ul2d                                      c:/users/leonard/chipwh~1/cw/home/portable/armgcc/bin/../lib/gcc/arm-none-eabi/10.2.1/thumb/v7e-m/nofp\libgcc.a(_arm_addsubdf3.o)
__aeabi_ul2f                                      c:/users/leonard/chipwh~1/cw/home/portable/armgcc/bin/../lib/gcc/arm-none-eabi/10.2.1/thumb/v7e-m/nofp\libgcc.a(_arm_addsubsf3.o)
__assert                                          c:/users/leonard/chipwh~1/cw/home/portable/armgcc/bin/../lib/gcc/arm-none-eabi/10.2.1/../../../../arm-none-eabi/lib/thumb/v7e-m/nofp\libg_nano.a(lib_a-assert.o)
__assert_func                                     c:/users/leonard/chipwh~1/cw/home/portable/armgcc/bin/../lib/gcc/arm-none-eabi/10.2.1/../../../../arm-none-eabi/lib/thumb/v7e-m/nofp\libg_nano.a(lib_a-assert.o)
                                                  c:/users/leonard/chipwh~1/cw/home/portable/armgcc/bin/../lib/gcc/arm-none-eabi/10.2.1/../../../../arm-none-eabi/lib/thumb/v7e-m/nofp\libg_nano.a(lib_a-rand.o)
__bss_end__                                       c:/users/leonard/chipwh~1/cw/home/portable/armgcc/bin/../lib/gcc/arm-none-eabi/10.2.1/../../../../arm-none-eabi/lib/thumb/v7e-m/nofp/crt0.o
__bss_start__                                     c:/users/leonard/chipwh~1/cw/home/portable/armgcc/bin/../lib/gcc/arm-none-eabi/10.2.1/../../../../arm-none-eabi/lib/thumb/v7e-m/nofp/crt0.o
__call_exitprocs                                  c:/users/leonard/chipwh~1/cw/home/portable/armgcc/bin/../lib/gcc/arm-none-eabi/10.2.1/../../../../arm-none-eabi/lib/thumb/v7e-m/nofp\libg_nano.a(lib_a-exit.o)
__cmpdf2                                          c:/users/leonard/chipwh~1/cw/home/portable/armgcc/bin/../lib/gcc/arm-none-eabi/10.2.1/thumb/v7e-m/nofp\libgcc.a(_arm_cmpdf2.o)
__cmpsf2                                          c:/users/leonard/chipwh~1/cw/home/portable/armgcc/bin/../lib/gcc/arm-none-eabi/10.2.1/thumb/v7e-m/nofp\libgcc.a(_arm_cmpsf2.o)
__deregister_frame_info                           c:/users/leonard/chipwh~1/cw/home/portable/armgcc/bin/../lib/gcc/arm-none-eabi/10.2.1/thumb/v7e-m/nofp/crtbegin.o
__divdf3                                          c:/users/leonard/chipwh~1/cw/home/portable/armgcc/bin/../lib/gcc/arm-none-eabi/10.2.1/thumb/v7e-m/nofp\libgcc.a(_arm_muldivdf3.o)
__dso_handle                                      c:/users/leonard/chipwh~1/cw/home/portable/armgcc/bin/../lib/gcc/arm-none-eabi/10.2.1/thumb/v7e-m/nofp/crtbegin.o
__eqdf2                                           c:/users/leonard/chipwh~1/cw/home/portable/armgcc/bin/../lib/gcc/arm-none-eabi/10.2.1/thumb/v7e-m/nofp\libgcc.a(_arm_cmpdf2.o)
__eqsf2                                           c:/users/leonard/chipwh~1/cw/home/portable/armgcc/bin/../lib/gcc/arm-none-eabi/10.2.1/thumb/v7e-m/nofp\libgcc.a(_arm_cmpsf2.o)
__errno                                           c:/users/leonard/chipwh~1/cw/home/portable/armgcc/bin/../lib/gcc/arm-none-eabi/10.2.1/../../../../arm-none-eabi/lib/thumb/v7e-m/nofp\libg_nano.a(lib_a-errno.o)
                                                  c:/users/leonard/chipwh~1/cw/home/portable/armgcc/bin/../lib/gcc/arm-none-eabi/10.2.1/../../../../arm-none-eabi/lib/thumb/v7e-m/nofp\libm.a(lib_a-w_exp.o)
                                                  objdir/stm32f3_sysmem.o
__extendsfdf2                                     c:/users/leonard/chipwh~1/cw/home/portable/armgcc/bin/../lib/gcc/arm-none-eabi/10.2.1/thumb/v7e-m/nofp\libgcc.a(_arm_addsubdf3.o)
__fdlib_version                                   c:/users/leonard/chipwh~1/cw/home/portable/armgcc/bin/../lib/gcc/arm-none-eabi/10.2.1/../../../../arm-none-eabi/lib/thumb/v7e-m/nofp\libm.a(lib_a-s_lib_ver.o)
                                                  c:/users/leonard/chipwh~1/cw/home/portable/armgcc/bin/../lib/gcc/arm-none-eabi/10.2.1/../../../../arm-none-eabi/lib/thumb/v7e-m/nofp\libm.a(lib_a-w_exp.o)
__fixdfsi                                         c:/users/leonard/chipwh~1/cw/home/portable/armgcc/bin/../lib/gcc/arm-none-eabi/10.2.1/thumb/v7e-m/nofp\libgcc.a(_arm_fixdfsi.o)
__floatdidf                                       c:/users/leonard/chipwh~1/cw/home/portable/armgcc/bin/../lib/gcc/arm-none-eabi/10.2.1/thumb/v7e-m/nofp\libgcc.a(_arm_addsubdf3.o)
__floatdisf                                       c:/users/leonard/chipwh~1/cw/home/portable/armgcc/bin/../lib/gcc/arm-none-eabi/10.2.1/thumb/v7e-m/nofp\libgcc.a(_arm_addsubsf3.o)
__floatsidf                                       c:/users/leonard/chipwh~1/cw/home/portable/armgcc/bin/../lib/gcc/arm-none-eabi/10.2.1/thumb/v7e-m/nofp\libgcc.a(_arm_addsubdf3.o)
__floatsisf                                       c:/users/leonard/chipwh~1/cw/home/portable/armgcc/bin/../lib/gcc/arm-none-eabi/10.2.1/thumb/v7e-m/nofp\libgcc.a(_arm_addsubsf3.o)
__floatundidf                                     c:/users/leonard/chipwh~1/cw/home/portable/armgcc/bin/../lib/gcc/arm-none-eabi/10.2.1/thumb/v7e-m/nofp\libgcc.a(_arm_addsubdf3.o)
__floatundisf                                     c:/users/leonard/chipwh~1/cw/home/portable/armgcc/bin/../lib/gcc/arm-none-eabi/10.2.1/thumb/v7e-m/nofp\libgcc.a(_arm_addsubsf3.o)
__floatunsidf                                     c:/users/leonard/chipwh~1/cw/home/portable/armgcc/bin/../lib/gcc/arm-none-eabi/10.2.1/thumb/v7e-m/nofp\libgcc.a(_arm_addsubdf3.o)
__floatunsisf                                     c:/users/leonard/chipwh~1/cw/home/portable/armgcc/bin/../lib/gcc/arm-none-eabi/10.2.1/thumb/v7e-m/nofp\libgcc.a(_arm_addsubsf3.o)
__fp_lock_all                                     c:/users/leonard/chipwh~1/cw/home/portable/armgcc/bin/../lib/gcc/arm-none-eabi/10.2.1/../../../../arm-none-eabi/lib/thumb/v7e-m/nofp\libg_nano.a(lib_a-findfp.o)
__fp_unlock_all                                   c:/users/leonard/chipwh~1/cw/home/portable/armgcc/bin/../lib/gcc/arm-none-eabi/10.2.1/../../../../arm-none-eabi/lib/thumb/v7e-m/nofp\libg_nano.a(lib_a-findfp.o)
__gedf2                                           c:/users/leonard/chipwh~1/cw/home/portable/armgcc/bin/../lib/gcc/arm-none-eabi/10.2.1/thumb/v7e-m/nofp\libgcc.a(_arm_cmpdf2.o)
__gesf2                                           c:/users/leonard/chipwh~1/cw/home/portable/armgcc/bin/../lib/gcc/arm-none-eabi/10.2.1/thumb/v7e-m/nofp\libgcc.a(_arm_cmpsf2.o)
__gtdf2                                           c:/users/leonard/chipwh~1/cw/home/portable/armgcc/bin/../lib/gcc/arm-none-eabi/10.2.1/thumb/v7e-m/nofp\libgcc.a(_arm_cmpdf2.o)
__gtsf2                                           c:/users/leonard/chipwh~1/cw/home/portable/armgcc/bin/../lib/gcc/arm-none-eabi/10.2.1/thumb/v7e-m/nofp\libgcc.a(_arm_cmpsf2.o)
__ieee754_exp                                     c:/users/leonard/chipwh~1/cw/home/portable/armgcc/bin/../lib/gcc/arm-none-eabi/10.2.1/../../../../arm-none-eabi/lib/thumb/v7e-m/nofp\libm.a(lib_a-e_exp.o)